******************************************************************************
                  TI ARM Linker PC v18.12.4                    
******************************************************************************
>> Linked Tue May 25 15:22:03 2021

OUTPUT FILE NAME:   <TMS570LS07_CANBUS.out>
ENTRY POINT SYMBOL: "_c_int00"  address: 0000646c


MEMORY CONFIGURATION

         name            origin    length      used     unused   attr    fill
----------------------  --------  ---------  --------  --------  ----  --------
  VECTORS               00000000   00000020  00000020  00000000     X
  FLASH0                00000020   000bffe0  00006e2c  000b91b4  R  X
  STACKS                08000000   00001500  00000000  00001500  RW  
  RAM                   08001500   0001eb00  00000012  0001eaee  RW  


SEGMENT ALLOCATION MAP

run origin  load origin   length   init length attrs members
----------  ----------- ---------- ----------- ----- -------
00000000    00000000    00006e4c   00006e4c    r-x
  00000000    00000000    00000020   00000020    r-x .intvecs
  00000020    00000020    00006be8   00006be8    r-x .text
  00006c08    00006c08    00000220   00000220    r-- .const
  00006e28    00006e28    00000024   00000024    r-- .cinit
08001500    08001500    00000012   00000000    rw-
  08001500    08001500    00000012   00000000    rw- .data


SECTION ALLOCATION MAP

 output                                  attributes/
section   page    origin      length       input sections
--------  ----  ----------  ----------   ----------------
.intvecs   0    00000000    00000020     
                  00000000    00000020     sys_intvecs.obj (.intvecs)

.text      0    00000020    00006be8     
                  00000020    00002a14     sys_selftest.obj (.text)
                  00002a34    00000afc     can.obj (.text)
                  00003530    00000ad4     system.obj (.text)
                  00004004    00000a54     sys_vim.obj (.text)
                  00004a58    000007dc     pinmux.obj (.text)
                  00005234    00000664     errata_SSWF021_45.obj (.text)
                  00005898    000005bc     esm.obj (.text)
                  00005e54    0000034c     sys_core.obj (.text)
                  000061a0    000002cc     sys_vim.obj (.text:retain)
                  0000646c    00000264     sys_startup.obj (.text:retain)
                  000066d0    00000114     esm.obj (.text:retain)
                  000067e4    000000e8     dabort.obj (.text)
                  000068cc    000000e0     sys_pmu.obj (.text)
                  000069ac    000000a8     notification.obj (.text)
                  00006a54    0000009c     rtsv7R4_T_be_v3D16_eabi.lib : memcpy_t2.asm.obj (.text)
                  00006af0    0000006c                                 : copy_decompress_lzss.c.obj (.text:decompress:lzss:__TI_decompress_lzss)
                  00006b5c    0000004c     sys_main.obj (.text)
                  00006ba8    00000044     rtsv7R4_T_be_v3D16_eabi.lib : autoinit.c.obj (.text:__TI_auto_init_nobinit_nopinit:__TI_auto_init_nobinit_nopinit)
                  00006bec    0000000e                                 : copy_decompress_none.c.obj (.text:decompress:none:__TI_decompress_none)
                  00006bfa    00000004                                 : exit.c.obj (.text:abort:abort)
                  00006bfe    00000002     --HOLE-- [fill = 0]
                  00006c00    00000004     sys_phantom.obj (.text:retain)
                  00006c04    00000004     sys_startup.obj (.text)

.const     0    00006c08    00000220     
                  00006c08    00000200     sys_vim.obj (.const:s_vim_init)
                  00006e08    00000020     can.obj (.const:s_canByteOrder)

.cinit     0    00006e28    00000024     
                  00006e28    00000011     (.cinit..data.load) [load image, compression = lzss]
                  00006e39    00000003     --HOLE-- [fill = 0]
                  00006e3c    00000008     (__TI_handler_table)
                  00006e44    00000008     (__TI_cinit_table)

.data      0    08001500    00000012     UNINITIALIZED
                  08001500    00000009     sys_main.obj (.data:rx_data)
                  08001509    00000009     sys_main.obj (.data:tx_data)

MODULE SUMMARY

       Module                       code    ro data   rw data
       ------                       ----    -------   -------
    .\source\
       sys_selftest.obj             10772   0         0      
       sys_vim.obj                  3360    512       0      
       can.obj                      2812    32        0      
       system.obj                   2772    0         0      
       pinmux.obj                   2012    0         0      
       esm.obj                      1744    0         0      
       errata_SSWF021_45.obj        1636    0         0      
       sys_core.obj                 844     0         0      
       sys_startup.obj              616     0         0      
       dabort.obj                   232     0         0      
       sys_pmu.obj                  224     0         0      
       notification.obj             168     0         0      
       sys_main.obj                 76      0         18     
       sys_intvecs.obj              32      0         0      
       sys_phantom.obj              4       0         0      
    +--+----------------------------+-------+---------+---------+
       Total:                       27304   544       18     
                                                             
    C:/ti/ccs930/ccs/tools/compiler/ti-cgt-arm_18.12.4.LTS/lib/rtsv7R4_T_be_v3D16_eabi.lib
       memcpy_t2.asm.obj            156     0         0      
       copy_decompress_lzss.c.obj   108     0         0      
       autoinit.c.obj               68      0         0      
       copy_decompress_none.c.obj   14      0         0      
       exit.c.obj                   4       0         0      
    +--+----------------------------+-------+---------+---------+
       Total:                       350     0         0      
                                                             
       Linker Generated:            0       33        0      
    +--+----------------------------+-------+---------+---------+
       Grand Total:                 27654   577       18     


LINKER GENERATED COPY TABLES

__TI_cinit_table @ 00006e44 records: 1, size/record: 8, table size: 8
	.data: load addr=00006e28, load size=00000011 bytes, run addr=08001500, run size=00000012 bytes, compression=lzss


LINKER GENERATED HANDLER TABLE

__TI_handler_table @ 00006e3c records: 2, size/record: 4, table size: 8
	index: 0, handler: __TI_decompress_lzss
	index: 1, handler: __TI_decompress_none


GLOBAL SYMBOLS: SORTED ALPHABETICALLY BY Name 

address   name                                
-------   ----                                
00006bfb  C$$EXIT                             
UNDEFED   SHT$$INIT_ARRAY$$Base               
UNDEFED   SHT$$INIT_ARRAY$$Limit              
00006e44  __TI_CINIT_Base                     
00006e4c  __TI_CINIT_Limit                    
00006e3c  __TI_Handler_Table_Base             
00006e44  __TI_Handler_Table_Limit            
00006198  __TI_PINIT_Base                     
0000619c  __TI_PINIT_Limit                    
00006ba9  __TI_auto_init_nobinit_nopinit      
00006af1  __TI_decompress_lzss                
00006bed  __TI_decompress_none                
ffffffff  __TI_pprof_out_hndl                 
ffffffff  __TI_prof_data_size                 
ffffffff  __TI_prof_data_start                
00000000  __TI_static_base__                  
00006a55  __aeabi_memcpy                      
00006a55  __aeabi_memcpy4                     
00006a55  __aeabi_memcpy8                     
ffffffff  __binit__                           
ffffffff  __c_args__                          
0000646c  _c_int00                            
000060b0  _coreClearAuxiliaryDataFault_       
000060c4  _coreClearAuxiliaryInstructionFault_
00006088  _coreClearDataFaultAddress_         
00006060  _coreClearDataFault_                
0000609c  _coreClearInstructionFaultAddress_  
00006074  _coreClearInstructionFault_         
00005ff4  _coreDisableEventBusExport_         
00006038  _coreDisableFlashEcc_               
00006014  _coreDisableRamEcc_                 
00005fe4  _coreEnableEventBusExport_          
00006024  _coreEnableFlashEcc_                
00006048  _coreEnableIrqVicOffset_            
00006004  _coreEnableRamEcc_                  
00005fcc  _coreEnableVfp_                     
000060a8  _coreGetAuxiliaryDataFault_         
000060bc  _coreGetAuxiliaryInstructionFault_  
00006080  _coreGetDataFaultAddress_           
00006058  _coreGetDataFault_                  
00006094  _coreGetInstructionFaultAddress_    
0000606c  _coreGetInstructionFault_           
00005e54  _coreInitRegisters_                 
00005f60  _coreInitStackPointer_              
000067e4  _dabort                             
000060d8  _disable_FIQ_interrupt_             
000060e0  _disable_IRQ_interrupt_             
000060d0  _disable_interrupt_                 
000060e8  _enable_interrupt_                  
00006178  _errata_CORTEXR4_57_                
00006188  _errata_CORTEXR4_66_                
00005234  _errata_SSWF021_45_both_plls        
00005428  _errata_SSWF021_45_pll1             
000055a0  _errata_SSWF021_45_pll2             
000060f0  _esmCcmErrorsClear_                 
00005fac  _getCPSRValue_                      
00005fb4  _gotoCPUIdle_                       
00006928  _pmuDisableCountersGlobal_          
00006918  _pmuEnableCountersGlobal_           
00006984  _pmuGetCycleCount_                  
0000698c  _pmuGetEventCount_                  
00006998  _pmuGetOverflow_                    
000068cc  _pmuInit_                           
00006958  _pmuResetCounters_                  
00006938  _pmuResetCycleCounter_              
00006948  _pmuResetEventCounters_             
00006978  _pmuSetCountEvent_                  
00006968  _pmuStartCounters_                  
00006970  _pmuStopCounters_                   
UNDEFED   _system_post_cinit                  
00006bfb  abort                               
0000126c  adc1ParityCheck                     
00001358  adc2ParityCheck                     
ffffffff  binit                               
00003360  can1GetConfigValue                  
00001410  can1ParityCheck                     
000014e8  can2ParityCheck                     
00003200  canDisableErrorNotification         
000031e0  canDisableStatusChangeNotification  
00003258  canDisableloopback                  
000031a0  canEnableErrorNotification          
000031c0  canEnableStatusChangeNotification   
00003220  canEnableloopback                   
00006a04  canErrorNotification                
00002f48  canFillMessageObjectData            
00002c70  canGetData                          
0000317c  canGetErrorLevel                    
00002dc8  canGetID                            
00003158  canGetLastError                     
00002a34  canInit                             
00003344  canIoRxGetBit                       
00003288  canIoSetDirection                   
000032d8  canIoSetPort                        
00003328  canIoTxGetBit                       
000030fc  canIsMessageBoxValid                
000030a0  canIsRxMessageArrived               
00003044  canIsTxMessagePending               
00006a2c  canMessageNotification              
00002ea8  canSendRemoteFrame                  
00006a18  canStatusChangeNotification         
00002b74  canTransmit                         
00002e30  canUpdateID                         
00000030  ccmSelfCheck                        
00002454  ccmr4GetConfigValue                 
00000938  checkB0RAMECC                       
00000b28  checkB1RAMECC                       
00001a50  checkClockMonitor                   
00000d18  checkFlashECC                       
00001b18  checkFlashEEPROMECC                 
00001cac  checkPLL1Slip                       
00001db0  checkRAMAddrParity                  
00001800  checkRAMECC                         
00001ec4  checkRAMUERRTest                    
000007bc  checkefcSelfTest                    
00000234  cpuSelfTest                         
00000dfc  cpuSelfTestFail                     
00003f40  customTrimLPO                       
00000df4  custom_dabort                       
000028bc  disableParity                       
00006a40  dmaGroupANotification               
00000eac  dmaParityCheck                      
00000660  efcCheck                            
000023bc  efcGetConfigValue                   
00000794  efcSelfTest                         
000006e8  efcStuckZeroTest                    
00002840  enableParity                        
000024d4  errata_PBIST_4                      
00005a1c  esmActivateNormalOperation          
00005af0  esmClearStatus                      
00005b30  esmClearStatusBuffer                
000059e4  esmDisableError                     
00005a54  esmDisableInterrupt                 
000059bc  esmEnableError                      
00005a2c  esmEnableInterrupt                  
00005c28  esmEnterSelfTest                    
000059a0  esmError                            
00005d00  esmGetConfigValue                   
00005b6c  esmGetStatus                        
00005bf0  esmGetStatusBuffer                  
000069ac  esmGroup1Notification               
000069bc  esmGroup2Notification               
000066d0  esmHighInterrupt                    
00005898  esmInit                             
00005cb0  esmSelfTestStatus                   
00005b4c  esmSetCounterPreloadValue           
00005a7c  esmSetInterruptLevel                
00005a0c  esmTriggerErrorPinReset             
00002034  fmcBus1ParityCheck                  
0000085c  fmcBus2Check                        
00000898  fmcECCcheck                         
00006c04  handlePLLLockFail                   
00000f58  het1ParityCheck                     
000010c0  het2ParityCheck                     
00001004  htu1ParityCheck                     
000011bc  htu2ParityCheck                     
00006b5c  main                                
00003688  mapClocks                           
00006a55  memcpy                              
00000174  memoryInit                          
000069cc  memoryPort0TestFailNotification     
000069e8  memoryPort1TestFailNotification     
000015b0  mibspi1ParityCheck                  
000016c0  mibspi3ParityCheck                  
00004a58  muxInit                             
00002150  pbistFail                           
000021d4  pbistGetConfigValue                 
000005a8  pbistIsTestCompleted                
000005d4  pbistIsTestPassed                   
00000608  pbistPortTestStatus                 
000004ac  pbistRun                            
000002cc  pbistSelfCheck                      
00000578  pbistStop                           
00003634  periphInit                          
00006c00  phantomInterrupt                    
00004e30  pinmuxGetConfigValue                
00000000  resetEntry                          
08001500  rx_data                             
00000020  selftestFailNotification            
000035f4  setupFlash                          
00003530  setupPLL                            
00003e04  sramGetConfigValue                  
0000231c  stcGetConfigValue                   
000001b8  stcSelfCheck                        
00000df8  stcSelfCheckFail                    
0000387c  systemGetConfigValue                
00003780  systemInit                          
0000384c  systemPowerDown                     
00003c58  tcmflashGetConfigValue              
00003580  trimLPO                             
08001509  tx_data                             
000040d8  vimChannelMap                       
00004344  vimDisableInterrupt                 
0000417c  vimEnableInterrupt                  
000043f0  vimGetConfigValue                   
00004004  vimInit                             
00000e00  vimParityCheck                      
000061a0  vimParityErrorHandler               


GLOBAL SYMBOLS: SORTED BY Symbol Address 

address   name                                
-------   ----                                
00000000  __TI_static_base__                  
00000000  resetEntry                          
00000020  selftestFailNotification            
00000030  ccmSelfCheck                        
00000174  memoryInit                          
000001b8  stcSelfCheck                        
00000234  cpuSelfTest                         
000002cc  pbistSelfCheck                      
000004ac  pbistRun                            
00000578  pbistStop                           
000005a8  pbistIsTestCompleted                
000005d4  pbistIsTestPassed                   
00000608  pbistPortTestStatus                 
00000660  efcCheck                            
000006e8  efcStuckZeroTest                    
00000794  efcSelfTest                         
000007bc  checkefcSelfTest                    
0000085c  fmcBus2Check                        
00000898  fmcECCcheck                         
00000938  checkB0RAMECC                       
00000b28  checkB1RAMECC                       
00000d18  checkFlashECC                       
00000df4  custom_dabort                       
00000df8  stcSelfCheckFail                    
00000dfc  cpuSelfTestFail                     
00000e00  vimParityCheck                      
00000eac  dmaParityCheck                      
00000f58  het1ParityCheck                     
00001004  htu1ParityCheck                     
000010c0  het2ParityCheck                     
000011bc  htu2ParityCheck                     
0000126c  adc1ParityCheck                     
00001358  adc2ParityCheck                     
00001410  can1ParityCheck                     
000014e8  can2ParityCheck                     
000015b0  mibspi1ParityCheck                  
000016c0  mibspi3ParityCheck                  
00001800  checkRAMECC                         
00001a50  checkClockMonitor                   
00001b18  checkFlashEEPROMECC                 
00001cac  checkPLL1Slip                       
00001db0  checkRAMAddrParity                  
00001ec4  checkRAMUERRTest                    
00002034  fmcBus1ParityCheck                  
00002150  pbistFail                           
000021d4  pbistGetConfigValue                 
0000231c  stcGetConfigValue                   
000023bc  efcGetConfigValue                   
00002454  ccmr4GetConfigValue                 
000024d4  errata_PBIST_4                      
00002840  enableParity                        
000028bc  disableParity                       
00002a34  canInit                             
00002b74  canTransmit                         
00002c70  canGetData                          
00002dc8  canGetID                            
00002e30  canUpdateID                         
00002ea8  canSendRemoteFrame                  
00002f48  canFillMessageObjectData            
00003044  canIsTxMessagePending               
000030a0  canIsRxMessageArrived               
000030fc  canIsMessageBoxValid                
00003158  canGetLastError                     
0000317c  canGetErrorLevel                    
000031a0  canEnableErrorNotification          
000031c0  canEnableStatusChangeNotification   
000031e0  canDisableStatusChangeNotification  
00003200  canDisableErrorNotification         
00003220  canEnableloopback                   
00003258  canDisableloopback                  
00003288  canIoSetDirection                   
000032d8  canIoSetPort                        
00003328  canIoTxGetBit                       
00003344  canIoRxGetBit                       
00003360  can1GetConfigValue                  
00003530  setupPLL                            
00003580  trimLPO                             
000035f4  setupFlash                          
00003634  periphInit                          
00003688  mapClocks                           
00003780  systemInit                          
0000384c  systemPowerDown                     
0000387c  systemGetConfigValue                
00003c58  tcmflashGetConfigValue              
00003e04  sramGetConfigValue                  
00003f40  customTrimLPO                       
00004004  vimInit                             
000040d8  vimChannelMap                       
0000417c  vimEnableInterrupt                  
00004344  vimDisableInterrupt                 
000043f0  vimGetConfigValue                   
00004a58  muxInit                             
00004e30  pinmuxGetConfigValue                
00005234  _errata_SSWF021_45_both_plls        
00005428  _errata_SSWF021_45_pll1             
000055a0  _errata_SSWF021_45_pll2             
00005898  esmInit                             
000059a0  esmError                            
000059bc  esmEnableError                      
000059e4  esmDisableError                     
00005a0c  esmTriggerErrorPinReset             
00005a1c  esmActivateNormalOperation          
00005a2c  esmEnableInterrupt                  
00005a54  esmDisableInterrupt                 
00005a7c  esmSetInterruptLevel                
00005af0  esmClearStatus                      
00005b30  esmClearStatusBuffer                
00005b4c  esmSetCounterPreloadValue           
00005b6c  esmGetStatus                        
00005bf0  esmGetStatusBuffer                  
00005c28  esmEnterSelfTest                    
00005cb0  esmSelfTestStatus                   
00005d00  esmGetConfigValue                   
00005e54  _coreInitRegisters_                 
00005f60  _coreInitStackPointer_              
00005fac  _getCPSRValue_                      
00005fb4  _gotoCPUIdle_                       
00005fcc  _coreEnableVfp_                     
00005fe4  _coreEnableEventBusExport_          
00005ff4  _coreDisableEventBusExport_         
00006004  _coreEnableRamEcc_                  
00006014  _coreDisableRamEcc_                 
00006024  _coreEnableFlashEcc_                
00006038  _coreDisableFlashEcc_               
00006048  _coreEnableIrqVicOffset_            
00006058  _coreGetDataFault_                  
00006060  _coreClearDataFault_                
0000606c  _coreGetInstructionFault_           
00006074  _coreClearInstructionFault_         
00006080  _coreGetDataFaultAddress_           
00006088  _coreClearDataFaultAddress_         
00006094  _coreGetInstructionFaultAddress_    
0000609c  _coreClearInstructionFaultAddress_  
000060a8  _coreGetAuxiliaryDataFault_         
000060b0  _coreClearAuxiliaryDataFault_       
000060bc  _coreGetAuxiliaryInstructionFault_  
000060c4  _coreClearAuxiliaryInstructionFault_
000060d0  _disable_interrupt_                 
000060d8  _disable_FIQ_interrupt_             
000060e0  _disable_IRQ_interrupt_             
000060e8  _enable_interrupt_                  
000060f0  _esmCcmErrorsClear_                 
00006178  _errata_CORTEXR4_57_                
00006188  _errata_CORTEXR4_66_                
00006198  __TI_PINIT_Base                     
0000619c  __TI_PINIT_Limit                    
000061a0  vimParityErrorHandler               
0000646c  _c_int00                            
000066d0  esmHighInterrupt                    
000067e4  _dabort                             
000068cc  _pmuInit_                           
00006918  _pmuEnableCountersGlobal_           
00006928  _pmuDisableCountersGlobal_          
00006938  _pmuResetCycleCounter_              
00006948  _pmuResetEventCounters_             
00006958  _pmuResetCounters_                  
00006968  _pmuStartCounters_                  
00006970  _pmuStopCounters_                   
00006978  _pmuSetCountEvent_                  
00006984  _pmuGetCycleCount_                  
0000698c  _pmuGetEventCount_                  
00006998  _pmuGetOverflow_                    
000069ac  esmGroup1Notification               
000069bc  esmGroup2Notification               
000069cc  memoryPort0TestFailNotification     
000069e8  memoryPort1TestFailNotification     
00006a04  canErrorNotification                
00006a18  canStatusChangeNotification         
00006a2c  canMessageNotification              
00006a40  dmaGroupANotification               
00006a55  __aeabi_memcpy                      
00006a55  __aeabi_memcpy4                     
00006a55  __aeabi_memcpy8                     
00006a55  memcpy                              
00006af1  __TI_decompress_lzss                
00006b5c  main                                
00006ba9  __TI_auto_init_nobinit_nopinit      
00006bed  __TI_decompress_none                
00006bfb  C$$EXIT                             
00006bfb  abort                               
00006c00  phantomInterrupt                    
00006c04  handlePLLLockFail                   
00006e3c  __TI_Handler_Table_Base             
00006e44  __TI_CINIT_Base                     
00006e44  __TI_Handler_Table_Limit            
00006e4c  __TI_CINIT_Limit                    
08001500  rx_data                             
08001509  tx_data                             
ffffffff  __TI_pprof_out_hndl                 
ffffffff  __TI_prof_data_size                 
ffffffff  __TI_prof_data_start                
ffffffff  __binit__                           
ffffffff  __c_args__                          
ffffffff  binit                               
UNDEFED   SHT$$INIT_ARRAY$$Base               
UNDEFED   SHT$$INIT_ARRAY$$Limit              
UNDEFED   _system_post_cinit                  

[197 symbols]
