<?xml version="1.0" encoding="ISO-8859-1" ?>
<link_info>
   <banner>TI ARM Linker PC v18.12.4.LTS</banner>
   <copyright>Copyright (c) 1996-2018 Texas Instruments Incorporated</copyright>
   <link_time>0x60acebeb</link_time>
   <link_errors>0x0</link_errors>
   <output_file>TMS570LS07_CANBUS.out</output_file>
   <entry_point>
      <name>_c_int00</name>
      <address>0x646c</address>
   </entry_point>
   <input_file_list>
      <input_file id="fl-2">
         <path>.\source\</path>
         <kind>object</kind>
         <file>can.obj</file>
         <name>can.obj</name>
      </input_file>
      <input_file id="fl-3">
         <path>.\source\</path>
         <kind>object</kind>
         <file>dabort.obj</file>
         <name>dabort.obj</name>
      </input_file>
      <input_file id="fl-4">
         <path>.\source\</path>
         <kind>object</kind>
         <file>errata_SSWF021_45.obj</file>
         <name>errata_SSWF021_45.obj</name>
      </input_file>
      <input_file id="fl-5">
         <path>.\source\</path>
         <kind>object</kind>
         <file>esm.obj</file>
         <name>esm.obj</name>
      </input_file>
      <input_file id="fl-6">
         <path>.\source\</path>
         <kind>object</kind>
         <file>notification.obj</file>
         <name>notification.obj</name>
      </input_file>
      <input_file id="fl-7">
         <path>.\source\</path>
         <kind>object</kind>
         <file>pinmux.obj</file>
         <name>pinmux.obj</name>
      </input_file>
      <input_file id="fl-8">
         <path>.\source\</path>
         <kind>object</kind>
         <file>sys_core.obj</file>
         <name>sys_core.obj</name>
      </input_file>
      <input_file id="fl-9">
         <path>.\source\</path>
         <kind>object</kind>
         <file>sys_dma.obj</file>
         <name>sys_dma.obj</name>
      </input_file>
      <input_file id="fl-a">
         <path>.\source\</path>
         <kind>object</kind>
         <file>sys_intvecs.obj</file>
         <name>sys_intvecs.obj</name>
      </input_file>
      <input_file id="fl-b">
         <path>.\source\</path>
         <kind>object</kind>
         <file>sys_main.obj</file>
         <name>sys_main.obj</name>
      </input_file>
      <input_file id="fl-c">
         <path>.\source\</path>
         <kind>object</kind>
         <file>sys_mpu.obj</file>
         <name>sys_mpu.obj</name>
      </input_file>
      <input_file id="fl-d">
         <path>.\source\</path>
         <kind>object</kind>
         <file>sys_pcr.obj</file>
         <name>sys_pcr.obj</name>
      </input_file>
      <input_file id="fl-e">
         <path>.\source\</path>
         <kind>object</kind>
         <file>sys_phantom.obj</file>
         <name>sys_phantom.obj</name>
      </input_file>
      <input_file id="fl-f">
         <path>.\source\</path>
         <kind>object</kind>
         <file>sys_pmm.obj</file>
         <name>sys_pmm.obj</name>
      </input_file>
      <input_file id="fl-10">
         <path>.\source\</path>
         <kind>object</kind>
         <file>sys_pmu.obj</file>
         <name>sys_pmu.obj</name>
      </input_file>
      <input_file id="fl-11">
         <path>.\source\</path>
         <kind>object</kind>
         <file>sys_selftest.obj</file>
         <name>sys_selftest.obj</name>
      </input_file>
      <input_file id="fl-12">
         <path>.\source\</path>
         <kind>object</kind>
         <file>sys_startup.obj</file>
         <name>sys_startup.obj</name>
      </input_file>
      <input_file id="fl-13">
         <path>.\source\</path>
         <kind>object</kind>
         <file>sys_vim.obj</file>
         <name>sys_vim.obj</name>
      </input_file>
      <input_file id="fl-14">
         <path>.\source\</path>
         <kind>object</kind>
         <file>system.obj</file>
         <name>system.obj</name>
      </input_file>
      <input_file id="fl-18">
         <kind>object</kind>
         <file>&lt;internal&gt;</file>
         <name>&lt;internal&gt;</name>
      </input_file>
      <input_file id="fl-19">
         <path>C:\ti\ccs930\ccs\tools\compiler\ti-cgt-arm_18.12.4.LTS\lib\</path>
         <kind>archive</kind>
         <file>rtsv7R4_T_be_v3D16_eabi.lib</file>
         <name>autoinit.c.obj</name>
      </input_file>
      <input_file id="fl-1a">
         <path>C:\ti\ccs930\ccs\tools\compiler\ti-cgt-arm_18.12.4.LTS\lib\</path>
         <kind>archive</kind>
         <file>rtsv7R4_T_be_v3D16_eabi.lib</file>
         <name>cpy_tbl.c.obj</name>
      </input_file>
      <input_file id="fl-1b">
         <path>C:\ti\ccs930\ccs\tools\compiler\ti-cgt-arm_18.12.4.LTS\lib\</path>
         <kind>archive</kind>
         <file>rtsv7R4_T_be_v3D16_eabi.lib</file>
         <name>copy_zero_init.c.obj</name>
      </input_file>
      <input_file id="fl-1c">
         <path>C:\ti\ccs930\ccs\tools\compiler\ti-cgt-arm_18.12.4.LTS\lib\</path>
         <kind>archive</kind>
         <file>rtsv7R4_T_be_v3D16_eabi.lib</file>
         <name>copy_decompress_none.c.obj</name>
      </input_file>
      <input_file id="fl-1d">
         <path>C:\ti\ccs930\ccs\tools\compiler\ti-cgt-arm_18.12.4.LTS\lib\</path>
         <kind>archive</kind>
         <file>rtsv7R4_T_be_v3D16_eabi.lib</file>
         <name>copy_decompress_lzss.c.obj</name>
      </input_file>
      <input_file id="fl-1e">
         <path>C:\ti\ccs930\ccs\tools\compiler\ti-cgt-arm_18.12.4.LTS\lib\</path>
         <kind>archive</kind>
         <file>rtsv7R4_T_be_v3D16_eabi.lib</file>
         <name>exit.c.obj</name>
      </input_file>
      <input_file id="fl-1f">
         <path>C:\ti\ccs930\ccs\tools\compiler\ti-cgt-arm_18.12.4.LTS\lib\</path>
         <kind>archive</kind>
         <file>rtsv7R4_T_be_v3D16_eabi.lib</file>
         <name>_lock.c.obj</name>
      </input_file>
      <input_file id="fl-20">
         <path>C:\ti\ccs930\ccs\tools\compiler\ti-cgt-arm_18.12.4.LTS\lib\</path>
         <kind>archive</kind>
         <file>rtsv7R4_T_be_v3D16_eabi.lib</file>
         <name>memcpy_t2.asm.obj</name>
      </input_file>
      <input_file id="fl-21">
         <path>C:\ti\ccs930\ccs\tools\compiler\ti-cgt-arm_18.12.4.LTS\lib\</path>
         <kind>archive</kind>
         <file>rtsv7R4_T_be_v3D16_eabi.lib</file>
         <name>memset_t2.asm.obj</name>
      </input_file>
   </input_file_list>
   <object_component_list>
      <object_component id="oc-28">
         <name>.intvecs</name>
         <load_address>0x0</load_address>
         <run_address>0x0</run_address>
         <size>0x20</size>
         <input_file_ref idref="fl-a"/>
      </object_component>
      <object_component id="oc-79">
         <name>.text</name>
         <load_address>0x20</load_address>
         <run_address>0x20</run_address>
         <size>0x2a14</size>
         <input_file_ref idref="fl-11"/>
      </object_component>
      <object_component id="oc-11e">
         <name>.text</name>
         <load_address>0x2a34</load_address>
         <run_address>0x2a34</run_address>
         <size>0xafc</size>
         <input_file_ref idref="fl-2"/>
      </object_component>
      <object_component id="oc-73">
         <name>.text</name>
         <load_address>0x3530</load_address>
         <run_address>0x3530</run_address>
         <size>0xad4</size>
         <input_file_ref idref="fl-14"/>
      </object_component>
      <object_component id="oc-35">
         <name>.text</name>
         <load_address>0x4004</load_address>
         <run_address>0x4004</run_address>
         <size>0xa54</size>
         <input_file_ref idref="fl-13"/>
      </object_component>
      <object_component id="oc-d8">
         <name>.text</name>
         <load_address>0x4a58</load_address>
         <run_address>0x4a58</run_address>
         <size>0x7dc</size>
         <input_file_ref idref="fl-7"/>
      </object_component>
      <object_component id="oc-67">
         <name>.text</name>
         <load_address>0x5234</load_address>
         <run_address>0x5234</run_address>
         <size>0x664</size>
         <input_file_ref idref="fl-4"/>
      </object_component>
      <object_component id="oc-7f">
         <name>.text</name>
         <load_address>0x5898</load_address>
         <run_address>0x5898</run_address>
         <size>0x5bc</size>
         <input_file_ref idref="fl-5"/>
      </object_component>
      <object_component id="oc-62">
         <name>.text</name>
         <load_address>0x5e54</load_address>
         <run_address>0x5e54</run_address>
         <size>0x34c</size>
         <input_file_ref idref="fl-8"/>
      </object_component>
      <object_component id="oc-33">
         <name>.text:retain</name>
         <load_address>0x61a0</load_address>
         <run_address>0x61a0</run_address>
         <size>0x2cc</size>
         <input_file_ref idref="fl-13"/>
      </object_component>
      <object_component id="oc-19">
         <name>.text:retain</name>
         <load_address>0x646c</load_address>
         <run_address>0x646c</run_address>
         <size>0x264</size>
         <input_file_ref idref="fl-12"/>
      </object_component>
      <object_component id="oc-1f">
         <name>.text:retain</name>
         <load_address>0x66d0</load_address>
         <run_address>0x66d0</run_address>
         <size>0x114</size>
         <input_file_ref idref="fl-5"/>
      </object_component>
      <object_component id="oc-9d">
         <name>.text</name>
         <load_address>0x67e4</load_address>
         <run_address>0x67e4</run_address>
         <size>0xe8</size>
         <input_file_ref idref="fl-3"/>
      </object_component>
      <object_component id="oc-e0">
         <name>.text</name>
         <load_address>0x68cc</load_address>
         <run_address>0x68cc</run_address>
         <size>0xe0</size>
         <input_file_ref idref="fl-10"/>
      </object_component>
      <object_component id="oc-8e">
         <name>.text</name>
         <load_address>0x69ac</load_address>
         <run_address>0x69ac</run_address>
         <size>0xa8</size>
         <input_file_ref idref="fl-6"/>
      </object_component>
      <object_component id="oc-4a">
         <name>.text</name>
         <load_address>0x6a54</load_address>
         <run_address>0x6a54</run_address>
         <size>0x9c</size>
         <input_file_ref idref="fl-20"/>
      </object_component>
      <object_component id="oc-c">
         <name>.text:decompress:lzss:__TI_decompress_lzss</name>
         <load_address>0x6af0</load_address>
         <run_address>0x6af0</run_address>
         <size>0x6c</size>
         <input_file_ref idref="fl-1d"/>
      </object_component>
      <object_component id="oc-86">
         <name>.text</name>
         <load_address>0x6b5c</load_address>
         <run_address>0x6b5c</run_address>
         <size>0x4c</size>
         <input_file_ref idref="fl-b"/>
      </object_component>
      <object_component id="oc-ee">
         <name>.text:__TI_auto_init_nobinit_nopinit:__TI_auto_init_nobinit_nopinit</name>
         <load_address>0x6ba8</load_address>
         <run_address>0x6ba8</run_address>
         <size>0x44</size>
         <input_file_ref idref="fl-19"/>
      </object_component>
      <object_component id="oc-12">
         <name>.text:decompress:none:__TI_decompress_none</name>
         <load_address>0x6bec</load_address>
         <run_address>0x6bec</run_address>
         <size>0xe</size>
         <input_file_ref idref="fl-1c"/>
      </object_component>
      <object_component id="oc-12b">
         <name>.text:abort:abort</name>
         <load_address>0x6bfa</load_address>
         <run_address>0x6bfa</run_address>
         <size>0x4</size>
         <input_file_ref idref="fl-1e"/>
      </object_component>
      <object_component id="oc-2d">
         <name>.text:retain</name>
         <load_address>0x6c00</load_address>
         <run_address>0x6c00</run_address>
         <size>0x4</size>
         <input_file_ref idref="fl-e"/>
      </object_component>
      <object_component id="oc-6d">
         <name>.text</name>
         <load_address>0x6c04</load_address>
         <run_address>0x6c04</run_address>
         <size>0x4</size>
         <input_file_ref idref="fl-12"/>
      </object_component>
      <object_component id="oc-25">
         <name>.const:s_vim_init</name>
         <load_address>0x6c08</load_address>
         <run_address>0x6c08</run_address>
         <size>0x200</size>
         <input_file_ref idref="fl-13"/>
      </object_component>
      <object_component id="oc-1d3">
         <name>.const:s_canByteOrder</name>
         <load_address>0x6e08</load_address>
         <run_address>0x6e08</run_address>
         <size>0x20</size>
         <input_file_ref idref="fl-2"/>
      </object_component>
      <object_component id="oc-262">
         <name>.cinit..data.load</name>
         <load_address>0x6e28</load_address>
         <run_address>0x6e28</run_address>
         <size>0x11</size>
      </object_component>
      <object_component id="oc-260">
         <name>__TI_handler_table</name>
         <load_address>0x6e3c</load_address>
         <run_address>0x6e3c</run_address>
         <size>0x8</size>
      </object_component>
      <object_component id="oc-261">
         <name>__TI_cinit_table</name>
         <load_address>0x6e44</load_address>
         <run_address>0x6e44</run_address>
         <size>0x8</size>
      </object_component>
      <object_component id="oc-124">
         <name>.data:tx_data</name>
         <load_address>0x8001509</load_address>
         <run_address>0x8001509</run_address>
         <size>0x9</size>
         <input_file_ref idref="fl-b"/>
      </object_component>
      <object_component id="oc-127">
         <name>.data:rx_data</name>
         <load_address>0x8001500</load_address>
         <run_address>0x8001500</run_address>
         <size>0x9</size>
         <input_file_ref idref="fl-b"/>
      </object_component>
      <object_component id="oc-16e">
         <name>.debug_info</name>
         <load_address>0x0</load_address>
         <run_address>0x0</run_address>
         <size>0x30f</size>
         <input_file_ref idref="fl-2"/>
      </object_component>
      <object_component id="oc-1d4">
         <name>.debug_info</name>
         <load_address>0x30f</load_address>
         <run_address>0x30f</run_address>
         <size>0xe6</size>
         <input_file_ref idref="fl-2"/>
      </object_component>
      <object_component id="oc-11f">
         <name>.debug_info</name>
         <load_address>0x3f5</load_address>
         <run_address>0x3f5</run_address>
         <size>0x13a4</size>
         <input_file_ref idref="fl-2"/>
      </object_component>
      <object_component id="oc-145">
         <name>.debug_info</name>
         <load_address>0x1799</load_address>
         <run_address>0x1799</run_address>
         <size>0x26b</size>
         <input_file_ref idref="fl-2"/>
      </object_component>
      <object_component id="oc-95">
         <name>.debug_info</name>
         <load_address>0x1a04</load_address>
         <run_address>0x1a04</run_address>
         <size>0x157</size>
         <input_file_ref idref="fl-2"/>
      </object_component>
      <object_component id="oc-aa">
         <name>.debug_info</name>
         <load_address>0x1b5b</load_address>
         <run_address>0x1b5b</run_address>
         <size>0x8b</size>
         <input_file_ref idref="fl-2"/>
      </object_component>
      <object_component id="oc-a5">
         <name>.debug_info</name>
         <load_address>0x1be6</load_address>
         <run_address>0x1be6</run_address>
         <size>0x18c</size>
         <input_file_ref idref="fl-2"/>
      </object_component>
      <object_component id="oc-1f2">
         <name>.debug_info</name>
         <load_address>0x1d72</load_address>
         <run_address>0x1d72</run_address>
         <size>0x297</size>
         <input_file_ref idref="fl-2"/>
      </object_component>
      <object_component id="oc-13e">
         <name>.debug_info</name>
         <load_address>0x2009</load_address>
         <run_address>0x2009</run_address>
         <size>0xbb</size>
         <input_file_ref idref="fl-2"/>
      </object_component>
      <object_component id="oc-af">
         <name>.debug_info</name>
         <load_address>0x20c4</load_address>
         <run_address>0x20c4</run_address>
         <size>0x86</size>
         <input_file_ref idref="fl-2"/>
      </object_component>
      <object_component id="oc-192">
         <name>.debug_info</name>
         <load_address>0x214a</load_address>
         <run_address>0x214a</run_address>
         <size>0x437</size>
         <input_file_ref idref="fl-2"/>
      </object_component>
      <object_component id="oc-1d7">
         <name>.debug_info</name>
         <load_address>0x2581</load_address>
         <run_address>0x2581</run_address>
         <size>0x15f</size>
         <input_file_ref idref="fl-2"/>
      </object_component>
      <object_component id="oc-163">
         <name>.debug_info</name>
         <load_address>0x26e0</load_address>
         <run_address>0x26e0</run_address>
         <size>0x2d0</size>
         <input_file_ref idref="fl-2"/>
      </object_component>
      <object_component id="oc-9e">
         <name>.debug_info</name>
         <load_address>0x29b0</load_address>
         <run_address>0x29b0</run_address>
         <size>0xfd</size>
         <input_file_ref idref="fl-3"/>
      </object_component>
      <object_component id="oc-17e">
         <name>.debug_info</name>
         <load_address>0x2aad</load_address>
         <run_address>0x2aad</run_address>
         <size>0x2bc</size>
         <input_file_ref idref="fl-4"/>
      </object_component>
      <object_component id="oc-6b">
         <name>.debug_info</name>
         <load_address>0x2d69</load_address>
         <run_address>0x2d69</run_address>
         <size>0x63d</size>
         <input_file_ref idref="fl-4"/>
      </object_component>
      <object_component id="oc-45">
         <name>.debug_info</name>
         <load_address>0x33a6</load_address>
         <run_address>0x33a6</run_address>
         <size>0x84</size>
         <input_file_ref idref="fl-4"/>
      </object_component>
      <object_component id="oc-d2">
         <name>.debug_info</name>
         <load_address>0x342a</load_address>
         <run_address>0x342a</run_address>
         <size>0x9e7</size>
         <input_file_ref idref="fl-4"/>
      </object_component>
      <object_component id="oc-ed">
         <name>.debug_info</name>
         <load_address>0x3e11</load_address>
         <run_address>0x3e11</run_address>
         <size>0x314</size>
         <input_file_ref idref="fl-5"/>
      </object_component>
      <object_component id="oc-80">
         <name>.debug_info</name>
         <load_address>0x4125</load_address>
         <run_address>0x4125</run_address>
         <size>0xb29</size>
         <input_file_ref idref="fl-5"/>
      </object_component>
      <object_component id="oc-21">
         <name>.debug_info</name>
         <load_address>0x4c4e</load_address>
         <run_address>0x4c4e</run_address>
         <size>0x189</size>
         <input_file_ref idref="fl-5"/>
      </object_component>
      <object_component id="oc-14a">
         <name>.debug_info</name>
         <load_address>0x4dd7</load_address>
         <run_address>0x4dd7</run_address>
         <size>0x1de</size>
         <input_file_ref idref="fl-5"/>
      </object_component>
      <object_component id="oc-e8">
         <name>.debug_info</name>
         <load_address>0x4fb5</load_address>
         <run_address>0x4fb5</run_address>
         <size>0x129</size>
         <input_file_ref idref="fl-5"/>
      </object_component>
      <object_component id="oc-138">
         <name>.debug_info</name>
         <load_address>0x50de</load_address>
         <run_address>0x50de</run_address>
         <size>0x47f</size>
         <input_file_ref idref="fl-6"/>
      </object_component>
      <object_component id="oc-8f">
         <name>.debug_info</name>
         <load_address>0x555d</load_address>
         <run_address>0x555d</run_address>
         <size>0x855</size>
         <input_file_ref idref="fl-6"/>
      </object_component>
      <object_component id="oc-183">
         <name>.debug_info</name>
         <load_address>0x5db2</load_address>
         <run_address>0x5db2</run_address>
         <size>0x791</size>
         <input_file_ref idref="fl-6"/>
      </object_component>
      <object_component id="oc-188">
         <name>.debug_info</name>
         <load_address>0x6543</load_address>
         <run_address>0x6543</run_address>
         <size>0x4de</size>
         <input_file_ref idref="fl-6"/>
      </object_component>
      <object_component id="oc-18d">
         <name>.debug_info</name>
         <load_address>0x6a21</load_address>
         <run_address>0x6a21</run_address>
         <size>0x3ce</size>
         <input_file_ref idref="fl-6"/>
      </object_component>
      <object_component id="oc-1ed">
         <name>.debug_info</name>
         <load_address>0x6def</load_address>
         <run_address>0x6def</run_address>
         <size>0x7cd</size>
         <input_file_ref idref="fl-6"/>
      </object_component>
      <object_component id="oc-139">
         <name>.debug_info</name>
         <load_address>0x75bc</load_address>
         <run_address>0x75bc</run_address>
         <size>0x673</size>
         <input_file_ref idref="fl-6"/>
      </object_component>
      <object_component id="oc-1bd">
         <name>.debug_info</name>
         <load_address>0x7c2f</load_address>
         <run_address>0x7c2f</run_address>
         <size>0x37b</size>
         <input_file_ref idref="fl-6"/>
      </object_component>
      <object_component id="oc-197">
         <name>.debug_info</name>
         <load_address>0x7faa</load_address>
         <run_address>0x7faa</run_address>
         <size>0x1ca</size>
         <input_file_ref idref="fl-6"/>
      </object_component>
      <object_component id="oc-14f">
         <name>.debug_info</name>
         <load_address>0x8174</load_address>
         <run_address>0x8174</run_address>
         <size>0x435</size>
         <input_file_ref idref="fl-6"/>
      </object_component>
      <object_component id="oc-1b0">
         <name>.debug_info</name>
         <load_address>0x85a9</load_address>
         <run_address>0x85a9</run_address>
         <size>0x53b</size>
         <input_file_ref idref="fl-6"/>
      </object_component>
      <object_component id="oc-154">
         <name>.debug_info</name>
         <load_address>0x8ae4</load_address>
         <run_address>0x8ae4</run_address>
         <size>0x1f9</size>
         <input_file_ref idref="fl-6"/>
      </object_component>
      <object_component id="oc-19c">
         <name>.debug_info</name>
         <load_address>0x8cdd</load_address>
         <run_address>0x8cdd</run_address>
         <size>0x3d3</size>
         <input_file_ref idref="fl-6"/>
      </object_component>
      <object_component id="oc-1a6">
         <name>.debug_info</name>
         <load_address>0x90b0</load_address>
         <run_address>0x90b0</run_address>
         <size>0x1de</size>
         <input_file_ref idref="fl-6"/>
      </object_component>
      <object_component id="oc-1b5">
         <name>.debug_info</name>
         <load_address>0x928e</load_address>
         <run_address>0x928e</run_address>
         <size>0x17a</size>
         <input_file_ref idref="fl-6"/>
      </object_component>
      <object_component id="oc-159">
         <name>.debug_info</name>
         <load_address>0x9408</load_address>
         <run_address>0x9408</run_address>
         <size>0x6a6</size>
         <input_file_ref idref="fl-6"/>
      </object_component>
      <object_component id="oc-15e">
         <name>.debug_info</name>
         <load_address>0x9aae</load_address>
         <run_address>0x9aae</run_address>
         <size>0x13e</size>
         <input_file_ref idref="fl-6"/>
      </object_component>
      <object_component id="oc-180">
         <name>.debug_info</name>
         <load_address>0x9bec</load_address>
         <run_address>0x9bec</run_address>
         <size>0x27e</size>
         <input_file_ref idref="fl-7"/>
      </object_component>
      <object_component id="oc-da">
         <name>.debug_info</name>
         <load_address>0x9e6a</load_address>
         <run_address>0x9e6a</run_address>
         <size>0x1e7</size>
         <input_file_ref idref="fl-7"/>
      </object_component>
      <object_component id="oc-1a1">
         <name>.debug_info</name>
         <load_address>0xa051</load_address>
         <run_address>0xa051</run_address>
         <size>0x508</size>
         <input_file_ref idref="fl-7"/>
      </object_component>
      <object_component id="oc-1fd">
         <name>.debug_info</name>
         <load_address>0xa559</load_address>
         <run_address>0xa559</run_address>
         <size>0x43c</size>
         <input_file_ref idref="fl-7"/>
      </object_component>
      <object_component id="oc-65">
         <name>.debug_info</name>
         <load_address>0xa995</load_address>
         <run_address>0xa995</run_address>
         <size>0x7f2</size>
         <input_file_ref idref="fl-8"/>
      </object_component>
      <object_component id="oc-29">
         <name>.debug_info</name>
         <load_address>0xb187</load_address>
         <run_address>0xb187</run_address>
         <size>0x105</size>
         <input_file_ref idref="fl-a"/>
      </object_component>
      <object_component id="oc-1de">
         <name>.debug_info</name>
         <load_address>0xb28c</load_address>
         <run_address>0xb28c</run_address>
         <size>0x459</size>
         <input_file_ref idref="fl-b"/>
      </object_component>
      <object_component id="oc-125">
         <name>.debug_info</name>
         <load_address>0xb6e5</load_address>
         <run_address>0xb6e5</run_address>
         <size>0xde</size>
         <input_file_ref idref="fl-b"/>
      </object_component>
      <object_component id="oc-128">
         <name>.debug_info</name>
         <load_address>0xb7c3</load_address>
         <run_address>0xb7c3</run_address>
         <size>0xde</size>
         <input_file_ref idref="fl-b"/>
      </object_component>
      <object_component id="oc-89">
         <name>.debug_info</name>
         <load_address>0xb8a1</load_address>
         <run_address>0xb8a1</run_address>
         <size>0x15f</size>
         <input_file_ref idref="fl-b"/>
      </object_component>
      <object_component id="oc-202">
         <name>.debug_info</name>
         <load_address>0xba00</load_address>
         <run_address>0xba00</run_address>
         <size>0x29d</size>
         <input_file_ref idref="fl-d"/>
      </object_component>
      <object_component id="oc-22a">
         <name>.debug_info</name>
         <load_address>0xbc9d</load_address>
         <run_address>0xbc9d</run_address>
         <size>0x242</size>
         <input_file_ref idref="fl-d"/>
      </object_component>
      <object_component id="oc-1ab">
         <name>.debug_info</name>
         <load_address>0xbedf</load_address>
         <run_address>0xbedf</run_address>
         <size>0x2af</size>
         <input_file_ref idref="fl-d"/>
      </object_component>
      <object_component id="oc-2e">
         <name>.debug_info</name>
         <load_address>0xc18e</load_address>
         <run_address>0xc18e</run_address>
         <size>0x13a</size>
         <input_file_ref idref="fl-e"/>
      </object_component>
      <object_component id="oc-e1">
         <name>.debug_info</name>
         <load_address>0xc2c8</load_address>
         <run_address>0xc2c8</run_address>
         <size>0x364</size>
         <input_file_ref idref="fl-10"/>
      </object_component>
      <object_component id="oc-e6">
         <name>.debug_info</name>
         <load_address>0xc62c</load_address>
         <run_address>0xc62c</run_address>
         <size>0x66d</size>
         <input_file_ref idref="fl-11"/>
      </object_component>
      <object_component id="oc-7a">
         <name>.debug_info</name>
         <load_address>0xcc99</load_address>
         <run_address>0xcc99</run_address>
         <size>0x2c4e</size>
         <input_file_ref idref="fl-11"/>
      </object_component>
      <object_component id="oc-1b">
         <name>.debug_info</name>
         <load_address>0xf8e7</load_address>
         <run_address>0xf8e7</run_address>
         <size>0x5ac</size>
         <input_file_ref idref="fl-12"/>
      </object_component>
      <object_component id="oc-6f">
         <name>.debug_info</name>
         <load_address>0xfe93</load_address>
         <run_address>0xfe93</run_address>
         <size>0x133</size>
         <input_file_ref idref="fl-12"/>
      </object_component>
      <object_component id="oc-9c">
         <name>.debug_info</name>
         <load_address>0xffc6</load_address>
         <run_address>0xffc6</run_address>
         <size>0x449</size>
         <input_file_ref idref="fl-13"/>
      </object_component>
      <object_component id="oc-26">
         <name>.debug_info</name>
         <load_address>0x1040f</load_address>
         <run_address>0x1040f</run_address>
         <size>0xe2</size>
         <input_file_ref idref="fl-13"/>
      </object_component>
      <object_component id="oc-37">
         <name>.debug_info</name>
         <load_address>0x104f1</load_address>
         <run_address>0x104f1</run_address>
         <size>0x474</size>
         <input_file_ref idref="fl-13"/>
      </object_component>
      <object_component id="oc-3c">
         <name>.debug_info</name>
         <load_address>0x10965</load_address>
         <run_address>0x10965</run_address>
         <size>0x1fd</size>
         <input_file_ref idref="fl-13"/>
      </object_component>
      <object_component id="oc-168">
         <name>.debug_info</name>
         <load_address>0x10b62</load_address>
         <run_address>0x10b62</run_address>
         <size>0x4f</size>
         <input_file_ref idref="fl-13"/>
      </object_component>
      <object_component id="oc-df">
         <name>.debug_info</name>
         <load_address>0x10bb1</load_address>
         <run_address>0x10bb1</run_address>
         <size>0x51a</size>
         <input_file_ref idref="fl-14"/>
      </object_component>
      <object_component id="oc-74">
         <name>.debug_info</name>
         <load_address>0x110cb</load_address>
         <run_address>0x110cb</run_address>
         <size>0x7d7</size>
         <input_file_ref idref="fl-14"/>
      </object_component>
      <object_component id="oc-1c5">
         <name>.debug_info</name>
         <load_address>0x118a2</load_address>
         <run_address>0x118a2</run_address>
         <size>0x4b2</size>
         <input_file_ref idref="fl-19"/>
      </object_component>
      <object_component id="oc-f1">
         <name>.debug_info</name>
         <load_address>0x11d54</load_address>
         <run_address>0x11d54</run_address>
         <size>0x1a5</size>
         <input_file_ref idref="fl-19"/>
      </object_component>
      <object_component id="oc-205">
         <name>.debug_info</name>
         <load_address>0x11ef9</load_address>
         <run_address>0x11ef9</run_address>
         <size>0x39</size>
         <input_file_ref idref="fl-19"/>
      </object_component>
      <object_component id="oc-22f">
         <name>.debug_info</name>
         <load_address>0x11f32</load_address>
         <run_address>0x11f32</run_address>
         <size>0x39</size>
         <input_file_ref idref="fl-19"/>
      </object_component>
      <object_component id="oc-20a">
         <name>.debug_info</name>
         <load_address>0x11f6b</load_address>
         <run_address>0x11f6b</run_address>
         <size>0x39</size>
         <input_file_ref idref="fl-19"/>
      </object_component>
      <object_component id="oc-20f">
         <name>.debug_info</name>
         <load_address>0x11fa4</load_address>
         <run_address>0x11fa4</run_address>
         <size>0xcd</size>
         <input_file_ref idref="fl-19"/>
      </object_component>
      <object_component id="oc-55">
         <name>.debug_info</name>
         <load_address>0x12071</load_address>
         <run_address>0x12071</run_address>
         <size>0x2a2</size>
         <input_file_ref idref="fl-1c"/>
      </object_component>
      <object_component id="oc-13">
         <name>.debug_info</name>
         <load_address>0x12313</load_address>
         <run_address>0x12313</run_address>
         <size>0x1d4</size>
         <input_file_ref idref="fl-1c"/>
      </object_component>
      <object_component id="oc-50">
         <name>.debug_info</name>
         <load_address>0x124e7</load_address>
         <run_address>0x124e7</run_address>
         <size>0x46</size>
         <input_file_ref idref="fl-1c"/>
      </object_component>
      <object_component id="oc-bc">
         <name>.debug_info</name>
         <load_address>0x1252d</load_address>
         <run_address>0x1252d</run_address>
         <size>0x2c</size>
         <input_file_ref idref="fl-1c"/>
      </object_component>
      <object_component id="oc-ba">
         <name>.debug_info</name>
         <load_address>0x12559</load_address>
         <run_address>0x12559</run_address>
         <size>0x29d</size>
         <input_file_ref idref="fl-1d"/>
      </object_component>
      <object_component id="oc-f">
         <name>.debug_info</name>
         <load_address>0x127f6</load_address>
         <run_address>0x127f6</run_address>
         <size>0x24f</size>
         <input_file_ref idref="fl-1d"/>
      </object_component>
      <object_component id="oc-40">
         <name>.debug_info</name>
         <load_address>0x12a45</load_address>
         <run_address>0x12a45</run_address>
         <size>0x60</size>
         <input_file_ref idref="fl-1d"/>
      </object_component>
      <object_component id="oc-16f">
         <name>.debug_info</name>
         <load_address>0x12aa5</load_address>
         <run_address>0x12aa5</run_address>
         <size>0x46</size>
         <input_file_ref idref="fl-1d"/>
      </object_component>
      <object_component id="oc-b5">
         <name>.debug_info</name>
         <load_address>0x12aeb</load_address>
         <run_address>0x12aeb</run_address>
         <size>0x39</size>
         <input_file_ref idref="fl-1d"/>
      </object_component>
      <object_component id="oc-12c">
         <name>.debug_info</name>
         <load_address>0x12b24</load_address>
         <run_address>0x12b24</run_address>
         <size>0x121</size>
         <input_file_ref idref="fl-1e"/>
      </object_component>
      <object_component id="oc-4d">
         <name>.debug_info</name>
         <load_address>0x12c45</load_address>
         <run_address>0x12c45</run_address>
         <size>0x118</size>
         <input_file_ref idref="fl-20"/>
      </object_component>
      <object_component id="oc-263">
         <name>.debug_info</name>
         <load_address>0x12d5d</load_address>
         <run_address>0x12d5d</run_address>
         <size>0xa4</size>
      </object_component>
      <object_component id="oc-1f8">
         <name>.debug_line</name>
         <load_address>0x0</load_address>
         <run_address>0x0</run_address>
         <size>0x20</size>
         <input_file_ref idref="fl-2"/>
      </object_component>
      <object_component id="oc-217">
         <name>.debug_line</name>
         <load_address>0x20</load_address>
         <run_address>0x20</run_address>
         <size>0x33</size>
         <input_file_ref idref="fl-2"/>
      </object_component>
      <object_component id="oc-122">
         <name>.debug_line</name>
         <load_address>0x53</load_address>
         <run_address>0x53</run_address>
         <size>0x3e1</size>
         <input_file_ref idref="fl-2"/>
      </object_component>
      <object_component id="oc-148">
         <name>.debug_line</name>
         <load_address>0x434</load_address>
         <run_address>0x434</run_address>
         <size>0x6f</size>
         <input_file_ref idref="fl-2"/>
      </object_component>
      <object_component id="oc-98">
         <name>.debug_line</name>
         <load_address>0x4a3</load_address>
         <run_address>0x4a3</run_address>
         <size>0x69</size>
         <input_file_ref idref="fl-2"/>
      </object_component>
      <object_component id="oc-ad">
         <name>.debug_line</name>
         <load_address>0x50c</load_address>
         <run_address>0x50c</run_address>
         <size>0x20</size>
         <input_file_ref idref="fl-2"/>
      </object_component>
      <object_component id="oc-a8">
         <name>.debug_line</name>
         <load_address>0x52c</load_address>
         <run_address>0x52c</run_address>
         <size>0x64</size>
         <input_file_ref idref="fl-2"/>
      </object_component>
      <object_component id="oc-1f5">
         <name>.debug_line</name>
         <load_address>0x590</load_address>
         <run_address>0x590</run_address>
         <size>0x73</size>
         <input_file_ref idref="fl-2"/>
      </object_component>
      <object_component id="oc-141">
         <name>.debug_line</name>
         <load_address>0x603</load_address>
         <run_address>0x603</run_address>
         <size>0x70</size>
         <input_file_ref idref="fl-2"/>
      </object_component>
      <object_component id="oc-b2">
         <name>.debug_line</name>
         <load_address>0x673</load_address>
         <run_address>0x673</run_address>
         <size>0x67</size>
         <input_file_ref idref="fl-2"/>
      </object_component>
      <object_component id="oc-195">
         <name>.debug_line</name>
         <load_address>0x6da</load_address>
         <run_address>0x6da</run_address>
         <size>0x64</size>
         <input_file_ref idref="fl-2"/>
      </object_component>
      <object_component id="oc-1da">
         <name>.debug_line</name>
         <load_address>0x73e</load_address>
         <run_address>0x73e</run_address>
         <size>0x60</size>
         <input_file_ref idref="fl-2"/>
      </object_component>
      <object_component id="oc-166">
         <name>.debug_line</name>
         <load_address>0x79e</load_address>
         <run_address>0x79e</run_address>
         <size>0x64</size>
         <input_file_ref idref="fl-2"/>
      </object_component>
      <object_component id="oc-a1">
         <name>.debug_line</name>
         <load_address>0x802</load_address>
         <run_address>0x802</run_address>
         <size>0x78</size>
         <input_file_ref idref="fl-3"/>
      </object_component>
      <object_component id="oc-1fa">
         <name>.debug_line</name>
         <load_address>0x87a</load_address>
         <run_address>0x87a</run_address>
         <size>0x20</size>
         <input_file_ref idref="fl-4"/>
      </object_component>
      <object_component id="oc-69">
         <name>.debug_line</name>
         <load_address>0x89a</load_address>
         <run_address>0x89a</run_address>
         <size>0x1fb</size>
         <input_file_ref idref="fl-4"/>
      </object_component>
      <object_component id="oc-48">
         <name>.debug_line</name>
         <load_address>0xa95</load_address>
         <run_address>0xa95</run_address>
         <size>0x20</size>
         <input_file_ref idref="fl-4"/>
      </object_component>
      <object_component id="oc-d5">
         <name>.debug_line</name>
         <load_address>0xab5</load_address>
         <run_address>0xab5</run_address>
         <size>0x73</size>
         <input_file_ref idref="fl-4"/>
      </object_component>
      <object_component id="oc-1c3">
         <name>.debug_line</name>
         <load_address>0xb28</load_address>
         <run_address>0xb28</run_address>
         <size>0x60</size>
         <input_file_ref idref="fl-5"/>
      </object_component>
      <object_component id="oc-84">
         <name>.debug_line</name>
         <load_address>0xb88</load_address>
         <run_address>0xb88</run_address>
         <size>0x289</size>
         <input_file_ref idref="fl-5"/>
      </object_component>
      <object_component id="oc-20">
         <name>.debug_line</name>
         <load_address>0xe11</load_address>
         <run_address>0xe11</run_address>
         <size>0x6e</size>
         <input_file_ref idref="fl-5"/>
      </object_component>
      <object_component id="oc-14d">
         <name>.debug_line</name>
         <load_address>0xe7f</load_address>
         <run_address>0xe7f</run_address>
         <size>0x64</size>
         <input_file_ref idref="fl-5"/>
      </object_component>
      <object_component id="oc-eb">
         <name>.debug_line</name>
         <load_address>0xee3</load_address>
         <run_address>0xee3</run_address>
         <size>0x60</size>
         <input_file_ref idref="fl-5"/>
      </object_component>
      <object_component id="oc-1ec">
         <name>.debug_line</name>
         <load_address>0xf43</load_address>
         <run_address>0xf43</run_address>
         <size>0x20</size>
         <input_file_ref idref="fl-6"/>
      </object_component>
      <object_component id="oc-93">
         <name>.debug_line</name>
         <load_address>0xf63</load_address>
         <run_address>0xf63</run_address>
         <size>0xe8</size>
         <input_file_ref idref="fl-6"/>
      </object_component>
      <object_component id="oc-186">
         <name>.debug_line</name>
         <load_address>0x104b</load_address>
         <run_address>0x104b</run_address>
         <size>0x64</size>
         <input_file_ref idref="fl-6"/>
      </object_component>
      <object_component id="oc-18b">
         <name>.debug_line</name>
         <load_address>0x10af</load_address>
         <run_address>0x10af</run_address>
         <size>0x67</size>
         <input_file_ref idref="fl-6"/>
      </object_component>
      <object_component id="oc-190">
         <name>.debug_line</name>
         <load_address>0x1116</load_address>
         <run_address>0x1116</run_address>
         <size>0x64</size>
         <input_file_ref idref="fl-6"/>
      </object_component>
      <object_component id="oc-1f0">
         <name>.debug_line</name>
         <load_address>0x117a</load_address>
         <run_address>0x117a</run_address>
         <size>0x64</size>
         <input_file_ref idref="fl-6"/>
      </object_component>
      <object_component id="oc-13c">
         <name>.debug_line</name>
         <load_address>0x11de</load_address>
         <run_address>0x11de</run_address>
         <size>0x64</size>
         <input_file_ref idref="fl-6"/>
      </object_component>
      <object_component id="oc-1c0">
         <name>.debug_line</name>
         <load_address>0x1242</load_address>
         <run_address>0x1242</run_address>
         <size>0x69</size>
         <input_file_ref idref="fl-6"/>
      </object_component>
      <object_component id="oc-19a">
         <name>.debug_line</name>
         <load_address>0x12ab</load_address>
         <run_address>0x12ab</run_address>
         <size>0x64</size>
         <input_file_ref idref="fl-6"/>
      </object_component>
      <object_component id="oc-152">
         <name>.debug_line</name>
         <load_address>0x130f</load_address>
         <run_address>0x130f</run_address>
         <size>0x66</size>
         <input_file_ref idref="fl-6"/>
      </object_component>
      <object_component id="oc-1b3">
         <name>.debug_line</name>
         <load_address>0x1375</load_address>
         <run_address>0x1375</run_address>
         <size>0x63</size>
         <input_file_ref idref="fl-6"/>
      </object_component>
      <object_component id="oc-157">
         <name>.debug_line</name>
         <load_address>0x13d8</load_address>
         <run_address>0x13d8</run_address>
         <size>0x64</size>
         <input_file_ref idref="fl-6"/>
      </object_component>
      <object_component id="oc-19f">
         <name>.debug_line</name>
         <load_address>0x143c</load_address>
         <run_address>0x143c</run_address>
         <size>0x64</size>
         <input_file_ref idref="fl-6"/>
      </object_component>
      <object_component id="oc-1a9">
         <name>.debug_line</name>
         <load_address>0x14a0</load_address>
         <run_address>0x14a0</run_address>
         <size>0x66</size>
         <input_file_ref idref="fl-6"/>
      </object_component>
      <object_component id="oc-1b8">
         <name>.debug_line</name>
         <load_address>0x1506</load_address>
         <run_address>0x1506</run_address>
         <size>0x64</size>
         <input_file_ref idref="fl-6"/>
      </object_component>
      <object_component id="oc-15c">
         <name>.debug_line</name>
         <load_address>0x156a</load_address>
         <run_address>0x156a</run_address>
         <size>0x67</size>
         <input_file_ref idref="fl-6"/>
      </object_component>
      <object_component id="oc-161">
         <name>.debug_line</name>
         <load_address>0x15d1</load_address>
         <run_address>0x15d1</run_address>
         <size>0x66</size>
         <input_file_ref idref="fl-6"/>
      </object_component>
      <object_component id="oc-1fc">
         <name>.debug_line</name>
         <load_address>0x1637</load_address>
         <run_address>0x1637</run_address>
         <size>0x20</size>
         <input_file_ref idref="fl-7"/>
      </object_component>
      <object_component id="oc-d9">
         <name>.debug_line</name>
         <load_address>0x1657</load_address>
         <run_address>0x1657</run_address>
         <size>0xd2</size>
         <input_file_ref idref="fl-7"/>
      </object_component>
      <object_component id="oc-1a4">
         <name>.debug_line</name>
         <load_address>0x1729</load_address>
         <run_address>0x1729</run_address>
         <size>0x67</size>
         <input_file_ref idref="fl-7"/>
      </object_component>
      <object_component id="oc-200">
         <name>.debug_line</name>
         <load_address>0x1790</load_address>
         <run_address>0x1790</run_address>
         <size>0x63</size>
         <input_file_ref idref="fl-7"/>
      </object_component>
      <object_component id="oc-64">
         <name>.debug_line</name>
         <load_address>0x17f3</load_address>
         <run_address>0x17f3</run_address>
         <size>0x2e4</size>
         <input_file_ref idref="fl-8"/>
      </object_component>
      <object_component id="oc-2c">
         <name>.debug_line</name>
         <load_address>0x1ad7</load_address>
         <run_address>0x1ad7</run_address>
         <size>0x4f</size>
         <input_file_ref idref="fl-a"/>
      </object_component>
      <object_component id="oc-219">
         <name>.debug_line</name>
         <load_address>0x1b26</load_address>
         <run_address>0x1b26</run_address>
         <size>0x60</size>
         <input_file_ref idref="fl-b"/>
      </object_component>
      <object_component id="oc-1dd">
         <name>.debug_line</name>
         <load_address>0x1b86</load_address>
         <run_address>0x1b86</run_address>
         <size>0x38</size>
         <input_file_ref idref="fl-b"/>
      </object_component>
      <object_component id="oc-1e0">
         <name>.debug_line</name>
         <load_address>0x1bbe</load_address>
         <run_address>0x1bbe</run_address>
         <size>0x38</size>
         <input_file_ref idref="fl-b"/>
      </object_component>
      <object_component id="oc-87">
         <name>.debug_line</name>
         <load_address>0x1bf6</load_address>
         <run_address>0x1bf6</run_address>
         <size>0x57</size>
         <input_file_ref idref="fl-b"/>
      </object_component>
      <object_component id="oc-229">
         <name>.debug_line</name>
         <load_address>0x1c4d</load_address>
         <run_address>0x1c4d</run_address>
         <size>0x20</size>
         <input_file_ref idref="fl-d"/>
      </object_component>
      <object_component id="oc-22d">
         <name>.debug_line</name>
         <load_address>0x1c6d</load_address>
         <run_address>0x1c6d</run_address>
         <size>0x64</size>
         <input_file_ref idref="fl-d"/>
      </object_component>
      <object_component id="oc-1ae">
         <name>.debug_line</name>
         <load_address>0x1cd1</load_address>
         <run_address>0x1cd1</run_address>
         <size>0x64</size>
         <input_file_ref idref="fl-d"/>
      </object_component>
      <object_component id="oc-31">
         <name>.debug_line</name>
         <load_address>0x1d35</load_address>
         <run_address>0x1d35</run_address>
         <size>0x4b</size>
         <input_file_ref idref="fl-e"/>
      </object_component>
      <object_component id="oc-e4">
         <name>.debug_line</name>
         <load_address>0x1d80</load_address>
         <run_address>0x1d80</run_address>
         <size>0x125</size>
         <input_file_ref idref="fl-10"/>
      </object_component>
      <object_component id="oc-1bc">
         <name>.debug_line</name>
         <load_address>0x1ea5</load_address>
         <run_address>0x1ea5</run_address>
         <size>0xf2</size>
         <input_file_ref idref="fl-11"/>
      </object_component>
      <object_component id="oc-7e">
         <name>.debug_line</name>
         <load_address>0x1f97</load_address>
         <run_address>0x1f97</run_address>
         <size>0xc6b</size>
         <input_file_ref idref="fl-11"/>
      </object_component>
      <object_component id="oc-1a">
         <name>.debug_line</name>
         <load_address>0x2c02</load_address>
         <run_address>0x2c02</run_address>
         <size>0xfa</size>
         <input_file_ref idref="fl-12"/>
      </object_component>
      <object_component id="oc-6e">
         <name>.debug_line</name>
         <load_address>0x2cfc</load_address>
         <run_address>0x2cfc</run_address>
         <size>0x50</size>
         <input_file_ref idref="fl-12"/>
      </object_component>
      <object_component id="oc-144">
         <name>.debug_line</name>
         <load_address>0x2d4c</load_address>
         <run_address>0x2d4c</run_address>
         <size>0xa4</size>
         <input_file_ref idref="fl-13"/>
      </object_component>
      <object_component id="oc-9b">
         <name>.debug_line</name>
         <load_address>0x2df0</load_address>
         <run_address>0x2df0</run_address>
         <size>0x37</size>
         <input_file_ref idref="fl-13"/>
      </object_component>
      <object_component id="oc-36">
         <name>.debug_line</name>
         <load_address>0x2e27</load_address>
         <run_address>0x2e27</run_address>
         <size>0x1c5</size>
         <input_file_ref idref="fl-13"/>
      </object_component>
      <object_component id="oc-34">
         <name>.debug_line</name>
         <load_address>0x2fec</load_address>
         <run_address>0x2fec</run_address>
         <size>0xb2</size>
         <input_file_ref idref="fl-13"/>
      </object_component>
      <object_component id="oc-16b">
         <name>.debug_line</name>
         <load_address>0x309e</load_address>
         <run_address>0x309e</run_address>
         <size>0x37</size>
         <input_file_ref idref="fl-13"/>
      </object_component>
      <object_component id="oc-182">
         <name>.debug_line</name>
         <load_address>0x30d5</load_address>
         <run_address>0x30d5</run_address>
         <size>0xf1</size>
         <input_file_ref idref="fl-14"/>
      </object_component>
      <object_component id="oc-77">
         <name>.debug_line</name>
         <load_address>0x31c6</load_address>
         <run_address>0x31c6</run_address>
         <size>0x24c</size>
         <input_file_ref idref="fl-14"/>
      </object_component>
      <object_component id="oc-204">
         <name>.debug_line</name>
         <load_address>0x3412</load_address>
         <run_address>0x3412</run_address>
         <size>0xbd</size>
         <input_file_ref idref="fl-19"/>
      </object_component>
      <object_component id="oc-f0">
         <name>.debug_line</name>
         <load_address>0x34cf</load_address>
         <run_address>0x34cf</run_address>
         <size>0x75</size>
         <input_file_ref idref="fl-19"/>
      </object_component>
      <object_component id="oc-208">
         <name>.debug_line</name>
         <load_address>0x3544</load_address>
         <run_address>0x3544</run_address>
         <size>0x2e</size>
         <input_file_ref idref="fl-19"/>
      </object_component>
      <object_component id="oc-232">
         <name>.debug_line</name>
         <load_address>0x3572</load_address>
         <run_address>0x3572</run_address>
         <size>0x98</size>
         <input_file_ref idref="fl-19"/>
      </object_component>
      <object_component id="oc-20d">
         <name>.debug_line</name>
         <load_address>0x360a</load_address>
         <run_address>0x360a</run_address>
         <size>0x95</size>
         <input_file_ref idref="fl-19"/>
      </object_component>
      <object_component id="oc-212">
         <name>.debug_line</name>
         <load_address>0x369f</load_address>
         <run_address>0x369f</run_address>
         <size>0x91</size>
         <input_file_ref idref="fl-19"/>
      </object_component>
      <object_component id="oc-c2">
         <name>.debug_line</name>
         <load_address>0x3730</load_address>
         <run_address>0x3730</run_address>
         <size>0x20</size>
         <input_file_ref idref="fl-1c"/>
      </object_component>
      <object_component id="oc-17">
         <name>.debug_line</name>
         <load_address>0x3750</load_address>
         <run_address>0x3750</run_address>
         <size>0x58</size>
         <input_file_ref idref="fl-1c"/>
      </object_component>
      <object_component id="oc-53">
         <name>.debug_line</name>
         <load_address>0x37a8</load_address>
         <run_address>0x37a8</run_address>
         <size>0x3a</size>
         <input_file_ref idref="fl-1c"/>
      </object_component>
      <object_component id="oc-bf">
         <name>.debug_line</name>
         <load_address>0x37e2</load_address>
         <run_address>0x37e2</run_address>
         <size>0x90</size>
         <input_file_ref idref="fl-1c"/>
      </object_component>
      <object_component id="oc-175">
         <name>.debug_line</name>
         <load_address>0x3872</load_address>
         <run_address>0x3872</run_address>
         <size>0x20</size>
         <input_file_ref idref="fl-1d"/>
      </object_component>
      <object_component id="oc-d">
         <name>.debug_line</name>
         <load_address>0x3892</load_address>
         <run_address>0x3892</run_address>
         <size>0xb2</size>
         <input_file_ref idref="fl-1d"/>
      </object_component>
      <object_component id="oc-43">
         <name>.debug_line</name>
         <load_address>0x3944</load_address>
         <run_address>0x3944</run_address>
         <size>0x3a</size>
         <input_file_ref idref="fl-1d"/>
      </object_component>
      <object_component id="oc-172">
         <name>.debug_line</name>
         <load_address>0x397e</load_address>
         <run_address>0x397e</run_address>
         <size>0x98</size>
         <input_file_ref idref="fl-1d"/>
      </object_component>
      <object_component id="oc-b8">
         <name>.debug_line</name>
         <load_address>0x3a16</load_address>
         <run_address>0x3a16</run_address>
         <size>0x94</size>
         <input_file_ref idref="fl-1d"/>
      </object_component>
      <object_component id="oc-130">
         <name>.debug_line</name>
         <load_address>0x3aaa</load_address>
         <run_address>0x3aaa</run_address>
         <size>0x3c</size>
         <input_file_ref idref="fl-1e"/>
      </object_component>
      <object_component id="oc-4b">
         <name>.debug_line</name>
         <load_address>0x3ae6</load_address>
         <run_address>0x3ae6</run_address>
         <size>0x88</size>
         <input_file_ref idref="fl-20"/>
      </object_component>
      <object_component id="oc-123">
         <name>.debug_frame</name>
         <load_address>0x0</load_address>
         <run_address>0x0</run_address>
         <size>0x264</size>
         <input_file_ref idref="fl-2"/>
      </object_component>
      <object_component id="oc-6a">
         <name>.debug_frame</name>
         <load_address>0x264</load_address>
         <run_address>0x264</run_address>
         <size>0xd0</size>
         <input_file_ref idref="fl-4"/>
      </object_component>
      <object_component id="oc-83">
         <name>.debug_frame</name>
         <load_address>0x334</load_address>
         <run_address>0x334</run_address>
         <size>0x1cc</size>
         <input_file_ref idref="fl-5"/>
      </object_component>
      <object_component id="oc-24">
         <name>.debug_frame</name>
         <load_address>0x500</load_address>
         <run_address>0x500</run_address>
         <size>0xb0</size>
         <input_file_ref idref="fl-5"/>
      </object_component>
      <object_component id="oc-92">
         <name>.debug_frame</name>
         <load_address>0x5b0</load_address>
         <run_address>0x5b0</run_address>
         <size>0x100</size>
         <input_file_ref idref="fl-6"/>
      </object_component>
      <object_component id="oc-dd">
         <name>.debug_frame</name>
         <load_address>0x6b0</load_address>
         <run_address>0x6b0</run_address>
         <size>0x6c</size>
         <input_file_ref idref="fl-7"/>
      </object_component>
      <object_component id="oc-88">
         <name>.debug_frame</name>
         <load_address>0x71c</load_address>
         <run_address>0x71c</run_address>
         <size>0x58</size>
         <input_file_ref idref="fl-b"/>
      </object_component>
      <object_component id="oc-32">
         <name>.debug_frame</name>
         <load_address>0x774</load_address>
         <run_address>0x774</run_address>
         <size>0x54</size>
         <input_file_ref idref="fl-e"/>
      </object_component>
      <object_component id="oc-7d">
         <name>.debug_frame</name>
         <load_address>0x7c8</load_address>
         <run_address>0x7c8</run_address>
         <size>0x55c</size>
         <input_file_ref idref="fl-11"/>
      </object_component>
      <object_component id="oc-1e">
         <name>.debug_frame</name>
         <load_address>0xd24</load_address>
         <run_address>0xd24</run_address>
         <size>0x50</size>
         <input_file_ref idref="fl-12"/>
      </object_component>
      <object_component id="oc-72">
         <name>.debug_frame</name>
         <load_address>0xd74</load_address>
         <run_address>0xd74</run_address>
         <size>0x54</size>
         <input_file_ref idref="fl-12"/>
      </object_component>
      <object_component id="oc-3a">
         <name>.debug_frame</name>
         <load_address>0xdc8</load_address>
         <run_address>0xdc8</run_address>
         <size>0xbc</size>
         <input_file_ref idref="fl-13"/>
      </object_component>
      <object_component id="oc-3b">
         <name>.debug_frame</name>
         <load_address>0xe84</load_address>
         <run_address>0xe84</run_address>
         <size>0xb0</size>
         <input_file_ref idref="fl-13"/>
      </object_component>
      <object_component id="oc-78">
         <name>.debug_frame</name>
         <load_address>0xf34</load_address>
         <run_address>0xf34</run_address>
         <size>0x138</size>
         <input_file_ref idref="fl-14"/>
      </object_component>
      <object_component id="oc-ef">
         <name>.debug_frame</name>
         <load_address>0x106c</load_address>
         <run_address>0x106c</run_address>
         <size>0x5c</size>
         <input_file_ref idref="fl-19"/>
      </object_component>
      <object_component id="oc-16">
         <name>.debug_frame</name>
         <load_address>0x10c8</load_address>
         <run_address>0x10c8</run_address>
         <size>0x54</size>
         <input_file_ref idref="fl-1c"/>
      </object_component>
      <object_component id="oc-e">
         <name>.debug_frame</name>
         <load_address>0x111c</load_address>
         <run_address>0x111c</run_address>
         <size>0x60</size>
         <input_file_ref idref="fl-1d"/>
      </object_component>
      <object_component id="oc-12f">
         <name>.debug_frame</name>
         <load_address>0x117c</load_address>
         <run_address>0x117c</run_address>
         <size>0x54</size>
         <input_file_ref idref="fl-1e"/>
      </object_component>
      <object_component id="oc-1f7">
         <name>.debug_abbrev</name>
         <load_address>0x0</load_address>
         <run_address>0x0</run_address>
         <size>0x6d</size>
         <input_file_ref idref="fl-2"/>
      </object_component>
      <object_component id="oc-216">
         <name>.debug_abbrev</name>
         <load_address>0x6d</load_address>
         <run_address>0x6d</run_address>
         <size>0x27</size>
         <input_file_ref idref="fl-2"/>
      </object_component>
      <object_component id="oc-1d6">
         <name>.debug_abbrev</name>
         <load_address>0x94</load_address>
         <run_address>0x94</run_address>
         <size>0xc8</size>
         <input_file_ref idref="fl-2"/>
      </object_component>
      <object_component id="oc-147">
         <name>.debug_abbrev</name>
         <load_address>0x15c</load_address>
         <run_address>0x15c</run_address>
         <size>0x69</size>
         <input_file_ref idref="fl-2"/>
      </object_component>
      <object_component id="oc-97">
         <name>.debug_abbrev</name>
         <load_address>0x1c5</load_address>
         <run_address>0x1c5</run_address>
         <size>0x5a</size>
         <input_file_ref idref="fl-2"/>
      </object_component>
      <object_component id="oc-ac">
         <name>.debug_abbrev</name>
         <load_address>0x21f</load_address>
         <run_address>0x21f</run_address>
         <size>0x1f</size>
         <input_file_ref idref="fl-2"/>
      </object_component>
      <object_component id="oc-a7">
         <name>.debug_abbrev</name>
         <load_address>0x23e</load_address>
         <run_address>0x23e</run_address>
         <size>0x7c</size>
         <input_file_ref idref="fl-2"/>
      </object_component>
      <object_component id="oc-1f4">
         <name>.debug_abbrev</name>
         <load_address>0x2ba</load_address>
         <run_address>0x2ba</run_address>
         <size>0x5c</size>
         <input_file_ref idref="fl-2"/>
      </object_component>
      <object_component id="oc-140">
         <name>.debug_abbrev</name>
         <load_address>0x316</load_address>
         <run_address>0x316</run_address>
         <size>0x24</size>
         <input_file_ref idref="fl-2"/>
      </object_component>
      <object_component id="oc-b1">
         <name>.debug_abbrev</name>
         <load_address>0x33a</load_address>
         <run_address>0x33a</run_address>
         <size>0x55</size>
         <input_file_ref idref="fl-2"/>
      </object_component>
      <object_component id="oc-194">
         <name>.debug_abbrev</name>
         <load_address>0x38f</load_address>
         <run_address>0x38f</run_address>
         <size>0x4b</size>
         <input_file_ref idref="fl-2"/>
      </object_component>
      <object_component id="oc-1d9">
         <name>.debug_abbrev</name>
         <load_address>0x3da</load_address>
         <run_address>0x3da</run_address>
         <size>0x7a</size>
         <input_file_ref idref="fl-2"/>
      </object_component>
      <object_component id="oc-165">
         <name>.debug_abbrev</name>
         <load_address>0x454</load_address>
         <run_address>0x454</run_address>
         <size>0x4b</size>
         <input_file_ref idref="fl-2"/>
      </object_component>
      <object_component id="oc-16d">
         <name>.debug_abbrev</name>
         <load_address>0x49f</load_address>
         <run_address>0x49f</run_address>
         <size>0x36</size>
         <input_file_ref idref="fl-3"/>
      </object_component>
      <object_component id="oc-1f9">
         <name>.debug_abbrev</name>
         <load_address>0x4d5</load_address>
         <run_address>0x4d5</run_address>
         <size>0x39</size>
         <input_file_ref idref="fl-4"/>
      </object_component>
      <object_component id="oc-d1">
         <name>.debug_abbrev</name>
         <load_address>0x50e</load_address>
         <run_address>0x50e</run_address>
         <size>0xd8</size>
         <input_file_ref idref="fl-4"/>
      </object_component>
      <object_component id="oc-47">
         <name>.debug_abbrev</name>
         <load_address>0x5e6</load_address>
         <run_address>0x5e6</run_address>
         <size>0x1f</size>
         <input_file_ref idref="fl-4"/>
      </object_component>
      <object_component id="oc-d4">
         <name>.debug_abbrev</name>
         <load_address>0x605</load_address>
         <run_address>0x605</run_address>
         <size>0xa3</size>
         <input_file_ref idref="fl-4"/>
      </object_component>
      <object_component id="oc-1c2">
         <name>.debug_abbrev</name>
         <load_address>0x6a8</load_address>
         <run_address>0x6a8</run_address>
         <size>0x6f</size>
         <input_file_ref idref="fl-5"/>
      </object_component>
      <object_component id="oc-e7">
         <name>.debug_abbrev</name>
         <load_address>0x717</load_address>
         <run_address>0x717</run_address>
         <size>0xc8</size>
         <input_file_ref idref="fl-5"/>
      </object_component>
      <object_component id="oc-94">
         <name>.debug_abbrev</name>
         <load_address>0x7df</load_address>
         <run_address>0x7df</run_address>
         <size>0x6f</size>
         <input_file_ref idref="fl-5"/>
      </object_component>
      <object_component id="oc-14c">
         <name>.debug_abbrev</name>
         <load_address>0x84e</load_address>
         <run_address>0x84e</run_address>
         <size>0x4b</size>
         <input_file_ref idref="fl-5"/>
      </object_component>
      <object_component id="oc-ea">
         <name>.debug_abbrev</name>
         <load_address>0x899</load_address>
         <run_address>0x899</run_address>
         <size>0x6b</size>
         <input_file_ref idref="fl-5"/>
      </object_component>
      <object_component id="oc-1eb">
         <name>.debug_abbrev</name>
         <load_address>0x904</load_address>
         <run_address>0x904</run_address>
         <size>0x5f</size>
         <input_file_ref idref="fl-6"/>
      </object_component>
      <object_component id="oc-137">
         <name>.debug_abbrev</name>
         <load_address>0x963</load_address>
         <run_address>0x963</run_address>
         <size>0x6c</size>
         <input_file_ref idref="fl-6"/>
      </object_component>
      <object_component id="oc-185">
         <name>.debug_abbrev</name>
         <load_address>0x9cf</load_address>
         <run_address>0x9cf</run_address>
         <size>0x7c</size>
         <input_file_ref idref="fl-6"/>
      </object_component>
      <object_component id="oc-18a">
         <name>.debug_abbrev</name>
         <load_address>0xa4b</load_address>
         <run_address>0xa4b</run_address>
         <size>0x5a</size>
         <input_file_ref idref="fl-6"/>
      </object_component>
      <object_component id="oc-18f">
         <name>.debug_abbrev</name>
         <load_address>0xaa5</load_address>
         <run_address>0xaa5</run_address>
         <size>0x7f</size>
         <input_file_ref idref="fl-6"/>
      </object_component>
      <object_component id="oc-1ef">
         <name>.debug_abbrev</name>
         <load_address>0xb24</load_address>
         <run_address>0xb24</run_address>
         <size>0x5a</size>
         <input_file_ref idref="fl-6"/>
      </object_component>
      <object_component id="oc-13b">
         <name>.debug_abbrev</name>
         <load_address>0xb7e</load_address>
         <run_address>0xb7e</run_address>
         <size>0xe8</size>
         <input_file_ref idref="fl-6"/>
      </object_component>
      <object_component id="oc-1bf">
         <name>.debug_abbrev</name>
         <load_address>0xc66</load_address>
         <run_address>0xc66</run_address>
         <size>0xc1</size>
         <input_file_ref idref="fl-6"/>
      </object_component>
      <object_component id="oc-199">
         <name>.debug_abbrev</name>
         <load_address>0xd27</load_address>
         <run_address>0xd27</run_address>
         <size>0x4b</size>
         <input_file_ref idref="fl-6"/>
      </object_component>
      <object_component id="oc-151">
         <name>.debug_abbrev</name>
         <load_address>0xd72</load_address>
         <run_address>0xd72</run_address>
         <size>0x4b</size>
         <input_file_ref idref="fl-6"/>
      </object_component>
      <object_component id="oc-1b2">
         <name>.debug_abbrev</name>
         <load_address>0xdbd</load_address>
         <run_address>0xdbd</run_address>
         <size>0xb2</size>
         <input_file_ref idref="fl-6"/>
      </object_component>
      <object_component id="oc-156">
         <name>.debug_abbrev</name>
         <load_address>0xe6f</load_address>
         <run_address>0xe6f</run_address>
         <size>0x4b</size>
         <input_file_ref idref="fl-6"/>
      </object_component>
      <object_component id="oc-19e">
         <name>.debug_abbrev</name>
         <load_address>0xeba</load_address>
         <run_address>0xeba</run_address>
         <size>0x5c</size>
         <input_file_ref idref="fl-6"/>
      </object_component>
      <object_component id="oc-1a8">
         <name>.debug_abbrev</name>
         <load_address>0xf16</load_address>
         <run_address>0xf16</run_address>
         <size>0x4b</size>
         <input_file_ref idref="fl-6"/>
      </object_component>
      <object_component id="oc-1b7">
         <name>.debug_abbrev</name>
         <load_address>0xf61</load_address>
         <run_address>0xf61</run_address>
         <size>0x4b</size>
         <input_file_ref idref="fl-6"/>
      </object_component>
      <object_component id="oc-15b">
         <name>.debug_abbrev</name>
         <load_address>0xfac</load_address>
         <run_address>0xfac</run_address>
         <size>0x5c</size>
         <input_file_ref idref="fl-6"/>
      </object_component>
      <object_component id="oc-160">
         <name>.debug_abbrev</name>
         <load_address>0x1008</load_address>
         <run_address>0x1008</run_address>
         <size>0x4b</size>
         <input_file_ref idref="fl-6"/>
      </object_component>
      <object_component id="oc-1fb">
         <name>.debug_abbrev</name>
         <load_address>0x1053</load_address>
         <run_address>0x1053</run_address>
         <size>0x2e</size>
         <input_file_ref idref="fl-7"/>
      </object_component>
      <object_component id="oc-17f">
         <name>.debug_abbrev</name>
         <load_address>0x1081</load_address>
         <run_address>0x1081</run_address>
         <size>0x99</size>
         <input_file_ref idref="fl-7"/>
      </object_component>
      <object_component id="oc-1a3">
         <name>.debug_abbrev</name>
         <load_address>0x111a</load_address>
         <run_address>0x111a</run_address>
         <size>0x4b</size>
         <input_file_ref idref="fl-7"/>
      </object_component>
      <object_component id="oc-1ff">
         <name>.debug_abbrev</name>
         <load_address>0x1165</load_address>
         <run_address>0x1165</run_address>
         <size>0x4b</size>
         <input_file_ref idref="fl-7"/>
      </object_component>
      <object_component id="oc-d0">
         <name>.debug_abbrev</name>
         <load_address>0x11b0</load_address>
         <run_address>0x11b0</run_address>
         <size>0x44</size>
         <input_file_ref idref="fl-8"/>
      </object_component>
      <object_component id="oc-a2">
         <name>.debug_abbrev</name>
         <load_address>0x11f4</load_address>
         <run_address>0x11f4</run_address>
         <size>0x38</size>
         <input_file_ref idref="fl-a"/>
      </object_component>
      <object_component id="oc-218">
         <name>.debug_abbrev</name>
         <load_address>0x122c</load_address>
         <run_address>0x122c</run_address>
         <size>0xa0</size>
         <input_file_ref idref="fl-b"/>
      </object_component>
      <object_component id="oc-1dc">
         <name>.debug_abbrev</name>
         <load_address>0x12cc</load_address>
         <run_address>0x12cc</run_address>
         <size>0x29</size>
         <input_file_ref idref="fl-b"/>
      </object_component>
      <object_component id="oc-1df">
         <name>.debug_abbrev</name>
         <load_address>0x12f5</load_address>
         <run_address>0x12f5</run_address>
         <size>0x29</size>
         <input_file_ref idref="fl-b"/>
      </object_component>
      <object_component id="oc-12a">
         <name>.debug_abbrev</name>
         <load_address>0x131e</load_address>
         <run_address>0x131e</run_address>
         <size>0x52</size>
         <input_file_ref idref="fl-b"/>
      </object_component>
      <object_component id="oc-228">
         <name>.debug_abbrev</name>
         <load_address>0x1370</load_address>
         <run_address>0x1370</run_address>
         <size>0x42</size>
         <input_file_ref idref="fl-d"/>
      </object_component>
      <object_component id="oc-22c">
         <name>.debug_abbrev</name>
         <load_address>0x13b2</load_address>
         <run_address>0x13b2</run_address>
         <size>0x72</size>
         <input_file_ref idref="fl-d"/>
      </object_component>
      <object_component id="oc-1ad">
         <name>.debug_abbrev</name>
         <load_address>0x1424</load_address>
         <run_address>0x1424</run_address>
         <size>0x4b</size>
         <input_file_ref idref="fl-d"/>
      </object_component>
      <object_component id="oc-a3">
         <name>.debug_abbrev</name>
         <load_address>0x146f</load_address>
         <run_address>0x146f</run_address>
         <size>0x53</size>
         <input_file_ref idref="fl-e"/>
      </object_component>
      <object_component id="oc-1ba">
         <name>.debug_abbrev</name>
         <load_address>0x14c2</load_address>
         <run_address>0x14c2</run_address>
         <size>0x36</size>
         <input_file_ref idref="fl-10"/>
      </object_component>
      <object_component id="oc-1bb">
         <name>.debug_abbrev</name>
         <load_address>0x14f8</load_address>
         <run_address>0x14f8</run_address>
         <size>0xa6</size>
         <input_file_ref idref="fl-11"/>
      </object_component>
      <object_component id="oc-e5">
         <name>.debug_abbrev</name>
         <load_address>0x159e</load_address>
         <run_address>0x159e</run_address>
         <size>0x101</size>
         <input_file_ref idref="fl-11"/>
      </object_component>
      <object_component id="oc-8d">
         <name>.debug_abbrev</name>
         <load_address>0x169f</load_address>
         <run_address>0x169f</run_address>
         <size>0x55</size>
         <input_file_ref idref="fl-12"/>
      </object_component>
      <object_component id="oc-d7">
         <name>.debug_abbrev</name>
         <load_address>0x16f4</load_address>
         <run_address>0x16f4</run_address>
         <size>0x42</size>
         <input_file_ref idref="fl-12"/>
      </object_component>
      <object_component id="oc-143">
         <name>.debug_abbrev</name>
         <load_address>0x1736</load_address>
         <run_address>0x1736</run_address>
         <size>0xa4</size>
         <input_file_ref idref="fl-13"/>
      </object_component>
      <object_component id="oc-9a">
         <name>.debug_abbrev</name>
         <load_address>0x17da</load_address>
         <run_address>0x17da</run_address>
         <size>0x27</size>
         <input_file_ref idref="fl-13"/>
      </object_component>
      <object_component id="oc-a4">
         <name>.debug_abbrev</name>
         <load_address>0x1801</load_address>
         <run_address>0x1801</run_address>
         <size>0xa4</size>
         <input_file_ref idref="fl-13"/>
      </object_component>
      <object_component id="oc-b4">
         <name>.debug_abbrev</name>
         <load_address>0x18a5</load_address>
         <run_address>0x18a5</run_address>
         <size>0x6f</size>
         <input_file_ref idref="fl-13"/>
      </object_component>
      <object_component id="oc-16a">
         <name>.debug_abbrev</name>
         <load_address>0x1914</load_address>
         <run_address>0x1914</run_address>
         <size>0x4b</size>
         <input_file_ref idref="fl-13"/>
      </object_component>
      <object_component id="oc-181">
         <name>.debug_abbrev</name>
         <load_address>0x195f</load_address>
         <run_address>0x195f</run_address>
         <size>0xba</size>
         <input_file_ref idref="fl-14"/>
      </object_component>
      <object_component id="oc-de">
         <name>.debug_abbrev</name>
         <load_address>0x1a19</load_address>
         <run_address>0x1a19</run_address>
         <size>0xd4</size>
         <input_file_ref idref="fl-14"/>
      </object_component>
      <object_component id="oc-203">
         <name>.debug_abbrev</name>
         <load_address>0x1aed</load_address>
         <run_address>0x1aed</run_address>
         <size>0xc0</size>
         <input_file_ref idref="fl-19"/>
      </object_component>
      <object_component id="oc-1c4">
         <name>.debug_abbrev</name>
         <load_address>0x1bad</load_address>
         <run_address>0x1bad</run_address>
         <size>0x7e</size>
         <input_file_ref idref="fl-19"/>
      </object_component>
      <object_component id="oc-207">
         <name>.debug_abbrev</name>
         <load_address>0x1c2b</load_address>
         <run_address>0x1c2b</run_address>
         <size>0x24</size>
         <input_file_ref idref="fl-19"/>
      </object_component>
      <object_component id="oc-231">
         <name>.debug_abbrev</name>
         <load_address>0x1c4f</load_address>
         <run_address>0x1c4f</run_address>
         <size>0x24</size>
         <input_file_ref idref="fl-19"/>
      </object_component>
      <object_component id="oc-20c">
         <name>.debug_abbrev</name>
         <load_address>0x1c73</load_address>
         <run_address>0x1c73</run_address>
         <size>0x24</size>
         <input_file_ref idref="fl-19"/>
      </object_component>
      <object_component id="oc-211">
         <name>.debug_abbrev</name>
         <load_address>0x1c97</load_address>
         <run_address>0x1c97</run_address>
         <size>0x4b</size>
         <input_file_ref idref="fl-19"/>
      </object_component>
      <object_component id="oc-c1">
         <name>.debug_abbrev</name>
         <load_address>0x1ce2</load_address>
         <run_address>0x1ce2</run_address>
         <size>0x37</size>
         <input_file_ref idref="fl-1c"/>
      </object_component>
      <object_component id="oc-4f">
         <name>.debug_abbrev</name>
         <load_address>0x1d19</load_address>
         <run_address>0x1d19</run_address>
         <size>0x74</size>
         <input_file_ref idref="fl-1c"/>
      </object_component>
      <object_component id="oc-52">
         <name>.debug_abbrev</name>
         <load_address>0x1d8d</load_address>
         <run_address>0x1d8d</run_address>
         <size>0x24</size>
         <input_file_ref idref="fl-1c"/>
      </object_component>
      <object_component id="oc-be">
         <name>.debug_abbrev</name>
         <load_address>0x1db1</load_address>
         <run_address>0x1db1</run_address>
         <size>0x24</size>
         <input_file_ref idref="fl-1c"/>
      </object_component>
      <object_component id="oc-174">
         <name>.debug_abbrev</name>
         <load_address>0x1dd5</load_address>
         <run_address>0x1dd5</run_address>
         <size>0x37</size>
         <input_file_ref idref="fl-1d"/>
      </object_component>
      <object_component id="oc-3f">
         <name>.debug_abbrev</name>
[...]
         <value>0x6088</value>
         <object_component_ref idref="oc-62"/>
      </symbol>
      <symbol id="sm-27d">
         <name>_coreDisableFlashEcc_</name>
         <value>0x6038</value>
         <object_component_ref idref="oc-62"/>
      </symbol>
      <symbol id="sm-27e">
         <name>__TI_PINIT_Base</name>
         <value>0x6198</value>
         <object_component_ref idref="oc-62"/>
      </symbol>
      <symbol id="sm-27f">
         <name>_coreInitRegisters_</name>
         <value>0x5e54</value>
         <object_component_ref idref="oc-62"/>
      </symbol>
      <symbol id="sm-280">
         <name>_coreClearInstructionFaultAddress_</name>
         <value>0x609c</value>
         <object_component_ref idref="oc-62"/>
      </symbol>
      <symbol id="sm-281">
         <name>_errata_CORTEXR4_66_</name>
         <value>0x6188</value>
         <object_component_ref idref="oc-62"/>
      </symbol>
      <symbol id="sm-282">
         <name>_coreEnableRamEcc_</name>
         <value>0x6004</value>
         <object_component_ref idref="oc-62"/>
      </symbol>
      <symbol id="sm-283">
         <name>_coreClearDataFault_</name>
         <value>0x6060</value>
         <object_component_ref idref="oc-62"/>
      </symbol>
      <symbol id="sm-284">
         <name>_coreGetAuxiliaryDataFault_</name>
         <value>0x60a8</value>
         <object_component_ref idref="oc-62"/>
      </symbol>
      <symbol id="sm-285">
         <name>_enable_interrupt_</name>
         <value>0x60e8</value>
         <object_component_ref idref="oc-62"/>
      </symbol>
      <symbol id="sm-286">
         <name>_coreClearAuxiliaryInstructionFault_</name>
         <value>0x60c4</value>
         <object_component_ref idref="oc-62"/>
      </symbol>
      <symbol id="sm-287">
         <name>_coreDisableRamEcc_</name>
         <value>0x6014</value>
         <object_component_ref idref="oc-62"/>
      </symbol>
      <symbol id="sm-288">
         <name>_coreGetDataFaultAddress_</name>
         <value>0x6080</value>
         <object_component_ref idref="oc-62"/>
      </symbol>
      <symbol id="sm-289">
         <name>_coreClearInstructionFault_</name>
         <value>0x6074</value>
         <object_component_ref idref="oc-62"/>
      </symbol>
      <symbol id="sm-28a">
         <name>_getCPSRValue_</name>
         <value>0x5fac</value>
         <object_component_ref idref="oc-62"/>
      </symbol>
      <symbol id="sm-28b">
         <name>__TI_PINIT_Limit</name>
         <value>0x619c</value>
         <object_component_ref idref="oc-62"/>
      </symbol>
      <symbol id="sm-28c">
         <name>_coreEnableFlashEcc_</name>
         <value>0x6024</value>
         <object_component_ref idref="oc-62"/>
      </symbol>
      <symbol id="sm-28d">
         <name>_disable_FIQ_interrupt_</name>
         <value>0x60d8</value>
         <object_component_ref idref="oc-62"/>
      </symbol>
      <symbol id="sm-28e">
         <name>_coreGetAuxiliaryInstructionFault_</name>
         <value>0x60bc</value>
         <object_component_ref idref="oc-62"/>
      </symbol>
      <symbol id="sm-28f">
         <name>_coreInitStackPointer_</name>
         <value>0x5f60</value>
         <object_component_ref idref="oc-62"/>
      </symbol>
      <symbol id="sm-290">
         <name>_esmCcmErrorsClear_</name>
         <value>0x60f0</value>
         <object_component_ref idref="oc-62"/>
      </symbol>
      <symbol id="sm-291">
         <name>_gotoCPUIdle_</name>
         <value>0x5fb4</value>
         <object_component_ref idref="oc-62"/>
      </symbol>
      <symbol id="sm-292">
         <name>_coreEnableIrqVicOffset_</name>
         <value>0x6048</value>
         <object_component_ref idref="oc-62"/>
      </symbol>
      <symbol id="sm-293">
         <name>_coreGetInstructionFault_</name>
         <value>0x606c</value>
         <object_component_ref idref="oc-62"/>
      </symbol>
      <symbol id="sm-294">
         <name>_coreEnableVfp_</name>
         <value>0x5fcc</value>
         <object_component_ref idref="oc-62"/>
      </symbol>
      <symbol id="sm-295">
         <name>_coreClearAuxiliaryDataFault_</name>
         <value>0x60b0</value>
         <object_component_ref idref="oc-62"/>
      </symbol>
      <symbol id="sm-296">
         <name>_coreEnableEventBusExport_</name>
         <value>0x5fe4</value>
         <object_component_ref idref="oc-62"/>
      </symbol>
      <symbol id="sm-2a3">
         <name>resetEntry</name>
         <value>0x0</value>
         <object_component_ref idref="oc-28"/>
      </symbol>
      <symbol id="sm-2c1">
         <name>rx_data</name>
         <value>0x8001500</value>
         <object_component_ref idref="oc-127"/>
      </symbol>
      <symbol id="sm-2c2">
         <name>main</name>
         <value>0x6b5c</value>
         <object_component_ref idref="oc-86"/>
      </symbol>
      <symbol id="sm-2c3">
         <name>tx_data</name>
         <value>0x8001509</value>
         <object_component_ref idref="oc-124"/>
      </symbol>
      <symbol id="sm-2dc">
         <name>phantomInterrupt</name>
         <value>0x6c00</value>
         <object_component_ref idref="oc-2d"/>
      </symbol>
      <symbol id="sm-2e6">
         <name>_pmuResetCounters_</name>
         <value>0x6958</value>
         <object_component_ref idref="oc-e0"/>
      </symbol>
      <symbol id="sm-2e7">
         <name>_pmuGetEventCount_</name>
         <value>0x698c</value>
         <object_component_ref idref="oc-e0"/>
      </symbol>
      <symbol id="sm-2e8">
         <name>_pmuResetEventCounters_</name>
         <value>0x6948</value>
         <object_component_ref idref="oc-e0"/>
      </symbol>
      <symbol id="sm-2e9">
         <name>_pmuStopCounters_</name>
         <value>0x6970</value>
         <object_component_ref idref="oc-e0"/>
      </symbol>
      <symbol id="sm-2ea">
         <name>_pmuInit_</name>
         <value>0x68cc</value>
         <object_component_ref idref="oc-e0"/>
      </symbol>
      <symbol id="sm-2eb">
         <name>_pmuGetOverflow_</name>
         <value>0x6998</value>
         <object_component_ref idref="oc-e0"/>
      </symbol>
      <symbol id="sm-2ec">
         <name>_pmuResetCycleCounter_</name>
         <value>0x6938</value>
         <object_component_ref idref="oc-e0"/>
      </symbol>
      <symbol id="sm-2ed">
         <name>_pmuSetCountEvent_</name>
         <value>0x6978</value>
         <object_component_ref idref="oc-e0"/>
      </symbol>
      <symbol id="sm-2ee">
         <name>_pmuGetCycleCount_</name>
         <value>0x6984</value>
         <object_component_ref idref="oc-e0"/>
      </symbol>
      <symbol id="sm-2ef">
         <name>_pmuEnableCountersGlobal_</name>
         <value>0x6918</value>
         <object_component_ref idref="oc-e0"/>
      </symbol>
      <symbol id="sm-2f0">
         <name>_pmuDisableCountersGlobal_</name>
         <value>0x6928</value>
         <object_component_ref idref="oc-e0"/>
      </symbol>
      <symbol id="sm-2f1">
         <name>_pmuStartCounters_</name>
         <value>0x6968</value>
         <object_component_ref idref="oc-e0"/>
      </symbol>
      <symbol id="sm-492">
         <name>pbistSelfCheck</name>
         <value>0x2cc</value>
         <object_component_ref idref="oc-79"/>
      </symbol>
      <symbol id="sm-493">
         <name>fmcBus1ParityCheck</name>
         <value>0x2034</value>
         <object_component_ref idref="oc-79"/>
      </symbol>
      <symbol id="sm-494">
         <name>can1ParityCheck</name>
         <value>0x1410</value>
         <object_component_ref idref="oc-79"/>
      </symbol>
      <symbol id="sm-495">
         <name>enableParity</name>
         <value>0x2840</value>
         <object_component_ref idref="oc-79"/>
      </symbol>
      <symbol id="sm-496">
         <name>dmaParityCheck</name>
         <value>0xeac</value>
         <object_component_ref idref="oc-79"/>
      </symbol>
      <symbol id="sm-497">
         <name>custom_dabort</name>
         <value>0xdf4</value>
         <object_component_ref idref="oc-79"/>
      </symbol>
      <symbol id="sm-498">
         <name>memoryInit</name>
         <value>0x174</value>
         <object_component_ref idref="oc-79"/>
      </symbol>
      <symbol id="sm-499">
         <name>stcSelfCheck</name>
         <value>0x1b8</value>
         <object_component_ref idref="oc-79"/>
      </symbol>
      <symbol id="sm-49a">
         <name>efcGetConfigValue</name>
         <value>0x23bc</value>
         <object_component_ref idref="oc-79"/>
      </symbol>
      <symbol id="sm-49b">
         <name>can2ParityCheck</name>
         <value>0x14e8</value>
         <object_component_ref idref="oc-79"/>
      </symbol>
      <symbol id="sm-49c">
         <name>het1ParityCheck</name>
         <value>0xf58</value>
         <object_component_ref idref="oc-79"/>
      </symbol>
      <symbol id="sm-49d">
         <name>adc1ParityCheck</name>
         <value>0x126c</value>
         <object_component_ref idref="oc-79"/>
      </symbol>
      <symbol id="sm-49e">
         <name>checkefcSelfTest</name>
         <value>0x7bc</value>
         <object_component_ref idref="oc-79"/>
      </symbol>
      <symbol id="sm-49f">
         <name>checkRAMECC</name>
         <value>0x1800</value>
         <object_component_ref idref="oc-79"/>
      </symbol>
      <symbol id="sm-4a0">
         <name>stcSelfCheckFail</name>
         <value>0xdf8</value>
         <object_component_ref idref="oc-79"/>
      </symbol>
      <symbol id="sm-4a1">
         <name>ccmSelfCheck</name>
         <value>0x30</value>
         <object_component_ref idref="oc-79"/>
      </symbol>
      <symbol id="sm-4a2">
         <name>efcCheck</name>
         <value>0x660</value>
         <object_component_ref idref="oc-79"/>
      </symbol>
      <symbol id="sm-4a3">
         <name>het2ParityCheck</name>
         <value>0x10c0</value>
         <object_component_ref idref="oc-79"/>
      </symbol>
      <symbol id="sm-4a4">
         <name>adc2ParityCheck</name>
         <value>0x1358</value>
         <object_component_ref idref="oc-79"/>
      </symbol>
      <symbol id="sm-4a5">
         <name>cpuSelfTest</name>
         <value>0x234</value>
         <object_component_ref idref="oc-79"/>
      </symbol>
      <symbol id="sm-4a6">
         <name>htu1ParityCheck</name>
         <value>0x1004</value>
         <object_component_ref idref="oc-79"/>
      </symbol>
      <symbol id="sm-4a7">
         <name>checkFlashECC</name>
         <value>0xd18</value>
         <object_component_ref idref="oc-79"/>
      </symbol>
      <symbol id="sm-4a8">
         <name>cpuSelfTestFail</name>
         <value>0xdfc</value>
         <object_component_ref idref="oc-79"/>
      </symbol>
      <symbol id="sm-4a9">
         <name>checkPLL1Slip</name>
         <value>0x1cac</value>
         <object_component_ref idref="oc-79"/>
      </symbol>
      <symbol id="sm-4aa">
         <name>mibspi1ParityCheck</name>
         <value>0x15b0</value>
         <object_component_ref idref="oc-79"/>
      </symbol>
      <symbol id="sm-4ab">
         <name>ccmr4GetConfigValue</name>
         <value>0x2454</value>
         <object_component_ref idref="oc-79"/>
      </symbol>
      <symbol id="sm-4ac">
         <name>htu2ParityCheck</name>
         <value>0x11bc</value>
         <object_component_ref idref="oc-79"/>
      </symbol>
      <symbol id="sm-4ad">
         <name>pbistPortTestStatus</name>
         <value>0x608</value>
         <object_component_ref idref="oc-79"/>
      </symbol>
      <symbol id="sm-4ae">
         <name>checkFlashEEPROMECC</name>
         <value>0x1b18</value>
         <object_component_ref idref="oc-79"/>
      </symbol>
      <symbol id="sm-4af">
         <name>pbistGetConfigValue</name>
         <value>0x21d4</value>
         <object_component_ref idref="oc-79"/>
      </symbol>
      <symbol id="sm-4b0">
         <name>vimParityCheck</name>
         <value>0xe00</value>
         <object_component_ref idref="oc-79"/>
      </symbol>
      <symbol id="sm-4b1">
         <name>pbistIsTestCompleted</name>
         <value>0x5a8</value>
         <object_component_ref idref="oc-79"/>
      </symbol>
      <symbol id="sm-4b2">
         <name>disableParity</name>
         <value>0x28bc</value>
         <object_component_ref idref="oc-79"/>
      </symbol>
      <symbol id="sm-4b3">
         <name>pbistRun</name>
         <value>0x4ac</value>
         <object_component_ref idref="oc-79"/>
      </symbol>
      <symbol id="sm-4b4">
         <name>pbistFail</name>
         <value>0x2150</value>
         <object_component_ref idref="oc-79"/>
      </symbol>
      <symbol id="sm-4b5">
         <name>selftestFailNotification</name>
         <value>0x20</value>
         <object_component_ref idref="oc-79"/>
      </symbol>
      <symbol id="sm-4b6">
         <name>errata_PBIST_4</name>
         <value>0x24d4</value>
         <object_component_ref idref="oc-79"/>
      </symbol>
      <symbol id="sm-4b7">
         <name>mibspi3ParityCheck</name>
         <value>0x16c0</value>
         <object_component_ref idref="oc-79"/>
      </symbol>
      <symbol id="sm-4b8">
         <name>efcSelfTest</name>
         <value>0x794</value>
         <object_component_ref idref="oc-79"/>
      </symbol>
      <symbol id="sm-4b9">
         <name>checkB1RAMECC</name>
         <value>0xb28</value>
         <object_component_ref idref="oc-79"/>
      </symbol>
      <symbol id="sm-4ba">
         <name>pbistStop</name>
         <value>0x578</value>
         <object_component_ref idref="oc-79"/>
      </symbol>
      <symbol id="sm-4bb">
         <name>checkRAMAddrParity</name>
         <value>0x1db0</value>
         <object_component_ref idref="oc-79"/>
      </symbol>
      <symbol id="sm-4bc">
         <name>checkB0RAMECC</name>
         <value>0x938</value>
         <object_component_ref idref="oc-79"/>
      </symbol>
      <symbol id="sm-4bd">
         <name>stcGetConfigValue</name>
         <value>0x231c</value>
         <object_component_ref idref="oc-79"/>
      </symbol>
      <symbol id="sm-4be">
         <name>pbistIsTestPassed</name>
         <value>0x5d4</value>
         <object_component_ref idref="oc-79"/>
      </symbol>
      <symbol id="sm-4bf">
         <name>checkClockMonitor</name>
         <value>0x1a50</value>
         <object_component_ref idref="oc-79"/>
      </symbol>
      <symbol id="sm-4c0">
         <name>fmcECCcheck</name>
         <value>0x898</value>
         <object_component_ref idref="oc-79"/>
      </symbol>
      <symbol id="sm-4c1">
         <name>fmcBus2Check</name>
         <value>0x85c</value>
         <object_component_ref idref="oc-79"/>
      </symbol>
      <symbol id="sm-4c2">
         <name>checkRAMUERRTest</name>
         <value>0x1ec4</value>
         <object_component_ref idref="oc-79"/>
      </symbol>
      <symbol id="sm-4c3">
         <name>efcStuckZeroTest</name>
         <value>0x6e8</value>
         <object_component_ref idref="oc-79"/>
      </symbol>
      <symbol id="sm-4f2">
         <name>_c_int00</name>
         <value>0x646c</value>
         <object_component_ref idref="oc-19"/>
      </symbol>
      <symbol id="sm-4f3">
         <name>handlePLLLockFail</name>
         <value>0x6c04</value>
         <object_component_ref idref="oc-6d"/>
      </symbol>
      <symbol id="sm-5a2">
         <name>vimChannelMap</name>
         <value>0x40d8</value>
         <object_component_ref idref="oc-35"/>
      </symbol>
      <symbol id="sm-5a3">
         <name>vimInit</name>
         <value>0x4004</value>
         <object_component_ref idref="oc-35"/>
      </symbol>
      <symbol id="sm-5a4">
         <name>vimEnableInterrupt</name>
         <value>0x417c</value>
         <object_component_ref idref="oc-35"/>
      </symbol>
      <symbol id="sm-5a5">
         <name>vimDisableInterrupt</name>
         <value>0x4344</value>
         <object_component_ref idref="oc-35"/>
      </symbol>
      <symbol id="sm-5a6">
         <name>vimGetConfigValue</name>
         <value>0x43f0</value>
         <object_component_ref idref="oc-35"/>
      </symbol>
      <symbol id="sm-5a7">
         <name>vimParityErrorHandler</name>
         <value>0x61a0</value>
         <object_component_ref idref="oc-33"/>
      </symbol>
      <symbol id="sm-5fc">
         <name>systemGetConfigValue</name>
         <value>0x387c</value>
         <object_component_ref idref="oc-73"/>
      </symbol>
      <symbol id="sm-5fd">
         <name>trimLPO</name>
         <value>0x3580</value>
         <object_component_ref idref="oc-73"/>
      </symbol>
      <symbol id="sm-5fe">
         <name>systemInit</name>
         <value>0x3780</value>
         <object_component_ref idref="oc-73"/>
      </symbol>
      <symbol id="sm-5ff">
         <name>customTrimLPO</name>
         <value>0x3f40</value>
         <object_component_ref idref="oc-73"/>
      </symbol>
      <symbol id="sm-600">
         <name>tcmflashGetConfigValue</name>
         <value>0x3c58</value>
         <object_component_ref idref="oc-73"/>
      </symbol>
      <symbol id="sm-601">
         <name>sramGetConfigValue</name>
         <value>0x3e04</value>
         <object_component_ref idref="oc-73"/>
      </symbol>
      <symbol id="sm-602">
         <name>periphInit</name>
         <value>0x3634</value>
         <object_component_ref idref="oc-73"/>
      </symbol>
      <symbol id="sm-603">
         <name>setupFlash</name>
         <value>0x35f4</value>
         <object_component_ref idref="oc-73"/>
      </symbol>
      <symbol id="sm-604">
         <name>setupPLL</name>
         <value>0x3530</value>
         <object_component_ref idref="oc-73"/>
      </symbol>
      <symbol id="sm-605">
         <name>mapClocks</name>
         <value>0x3688</value>
         <object_component_ref idref="oc-73"/>
      </symbol>
      <symbol id="sm-606">
         <name>systemPowerDown</name>
         <value>0x384c</value>
         <object_component_ref idref="oc-73"/>
      </symbol>
      <symbol id="sm-62e">
         <name>__TI_auto_init_nobinit_nopinit</name>
         <value>0x6ba9</value>
         <object_component_ref idref="oc-ee"/>
      </symbol>
      <symbol id="sm-647">
         <name>__TI_decompress_none</name>
         <value>0x6bed</value>
         <object_component_ref idref="oc-12"/>
      </symbol>
      <symbol id="sm-66a">
         <name>__TI_decompress_lzss</name>
         <value>0x6af1</value>
         <object_component_ref idref="oc-c"/>
      </symbol>
      <symbol id="sm-675">
         <name>C$$EXIT</name>
         <value>0x6bfb</value>
         <object_component_ref idref="oc-12b"/>
      </symbol>
      <symbol id="sm-676">
         <name>abort</name>
         <value>0x6bfb</value>
         <object_component_ref idref="oc-12b"/>
      </symbol>
      <symbol id="sm-692">
         <name>memcpy</name>
         <value>0x6a55</value>
         <object_component_ref idref="oc-4a"/>
      </symbol>
      <symbol id="sm-693">
         <name>__aeabi_memcpy</name>
         <value>0x6a55</value>
         <object_component_ref idref="oc-4a"/>
      </symbol>
      <symbol id="sm-694">
         <name>__aeabi_memcpy8</name>
         <value>0x6a55</value>
         <object_component_ref idref="oc-4a"/>
      </symbol>
      <symbol id="sm-695">
         <name>__aeabi_memcpy4</name>
         <value>0x6a55</value>
         <object_component_ref idref="oc-4a"/>
      </symbol>
      <symbol id="sm-697">
         <name>__TI_static_base__</name>
         <value>0x0</value>
      </symbol>
      <symbol id="sm-69a">
         <name>SHT$$INIT_ARRAY$$Base</name>
         <value>0x0</value>
      </symbol>
      <symbol id="sm-69b">
         <name>SHT$$INIT_ARRAY$$Limit</name>
         <value>0x0</value>
      </symbol>
      <symbol id="sm-69c">
         <name>_system_post_cinit</name>
         <value>0x0</value>
      </symbol>
   </symbol_table>
   <title>Link successful</title>
</link_info>
